Nov 28 13:01:07 node-02 rsyslogd: [origin software="rsyslogd" swVersion="7.4.4" x-pid="740" x-info="http://www.rsyslog.com"] exiting on signal 15.
Nov 28 13:02:03 node-02 rsyslogd: [origin software="rsyslogd" swVersion="7.4.4" x-pid="763" x-info="http://www.rsyslog.com"] start
Nov 28 13:02:03 node-02 rsyslogd: rsyslogd's groupid changed to 104
Nov 28 13:02:03 node-02 rsyslogd: rsyslogd's userid changed to 101
Nov 28 13:02:03 node-02 kernel: [    0.000000] Initializing cgroup subsys cpuset
Nov 28 13:02:03 node-02 kernel: [    0.000000] Initializing cgroup subsys cpu
Nov 28 13:02:03 node-02 kernel: [    0.000000] Initializing cgroup subsys cpuacct
Nov 28 13:02:03 node-02 kernel: [    0.000000] Linux version 3.13.0-24-generic (buildd@batsu) (gcc version 4.8.2 (Ubuntu 4.8.2-19ubuntu1) ) #47-Ubuntu SMP Fri May 2 23:30:00 UTC 2014 (Ubuntu 3.13.0-24.47-generic 3.13.9)
Nov 28 13:02:03 node-02 kernel: [    0.000000] Command line: BOOT_IMAGE=/vmlinuz-3.13.0-24-generic root=/dev/mapper/node--02--vg-root ro
Nov 28 13:02:03 node-02 kernel: [    0.000000] KERNEL supported cpus:
Nov 28 13:02:03 node-02 kernel: [    0.000000]   Intel GenuineIntel
Nov 28 13:02:03 node-02 kernel: [    0.000000]   AMD AuthenticAMD
Nov 28 13:02:03 node-02 kernel: [    0.000000]   Centaur CentaurHauls
Nov 28 13:02:03 node-02 kernel: [    0.000000] e820: BIOS-provided physical RAM map:
Nov 28 13:02:03 node-02 kernel: [    0.000000] BIOS-e820: [mem 0x0000000000000000-0x000000000009fbff] usable
Nov 28 13:02:03 node-02 kernel: [    0.000000] BIOS-e820: [mem 0x000000000009fc00-0x000000000009ffff] reserved
Nov 28 13:02:03 node-02 kernel: [    0.000000] BIOS-e820: [mem 0x00000000000f0000-0x00000000000fffff] reserved
Nov 28 13:02:03 node-02 kernel: [    0.000000] BIOS-e820: [mem 0x0000000000100000-0x000000003ffdffff] usable
Nov 28 13:02:03 node-02 kernel: [    0.000000] BIOS-e820: [mem 0x000000003ffe0000-0x000000003fffffff] reserved
Nov 28 13:02:03 node-02 kernel: [    0.000000] BIOS-e820: [mem 0x00000000feffc000-0x00000000feffffff] reserved
Nov 28 13:02:03 node-02 kernel: [    0.000000] BIOS-e820: [mem 0x00000000fffc0000-0x00000000ffffffff] reserved
Nov 28 13:02:03 node-02 kernel: [    0.000000] NX (Execute Disable) protection: active
Nov 28 13:02:03 node-02 kernel: [    0.000000] SMBIOS 2.8 present.
Nov 28 13:02:03 node-02 kernel: [    0.000000] DMI: QEMU Standard PC (i440FX + PIIX, 1996), BIOS rel-1.7.5-0-ge51488c-20140602_164612-nilsson.home.kraxel.org 04/01/2014
Nov 28 13:02:03 node-02 kernel: [    0.000000] Hypervisor detected: KVM
Nov 28 13:02:03 node-02 kernel: [    0.000000] e820: update [mem 0x00000000-0x00000fff] usable ==> reserved
Nov 28 13:02:03 node-02 kernel: [    0.000000] e820: remove [mem 0x000a0000-0x000fffff] usable
Nov 28 13:02:03 node-02 kernel: [    0.000000] No AGP bridge found
Nov 28 13:02:03 node-02 kernel: [    0.000000] e820: last_pfn = 0x3ffe0 max_arch_pfn = 0x400000000
Nov 28 13:02:03 node-02 kernel: [    0.000000] MTRR default type: write-back
Nov 28 13:02:03 node-02 kernel: [    0.000000] MTRR fixed ranges enabled:
Nov 28 13:02:03 node-02 kernel: [    0.000000]   00000-9FFFF write-back
Nov 28 13:02:03 node-02 kernel: [    0.000000]   A0000-BFFFF uncachable
Nov 28 13:02:03 node-02 kernel: [    0.000000]   C0000-FFFFF write-protect
Nov 28 13:02:03 node-02 kernel: [    0.000000] MTRR variable ranges enabled:
Nov 28 13:02:03 node-02 kernel: [    0.000000]   0 base 0080000000 mask FF80000000 uncachable
Nov 28 13:02:03 node-02 kernel: [    0.000000]   1 disabled
Nov 28 13:02:03 node-02 kernel: [    0.000000]   2 disabled
Nov 28 13:02:03 node-02 kernel: [    0.000000]   3 disabled
Nov 28 13:02:03 node-02 kernel: [    0.000000]   4 disabled
Nov 28 13:02:03 node-02 kernel: [    0.000000]   5 disabled
Nov 28 13:02:03 node-02 kernel: [    0.000000]   6 disabled
Nov 28 13:02:03 node-02 kernel: [    0.000000]   7 disabled
Nov 28 13:02:03 node-02 kernel: [    0.000000] PAT not supported by CPU.
Nov 28 13:02:03 node-02 kernel: [    0.000000] found SMP MP-table at [mem 0x000f0e70-0x000f0e7f] mapped at [ffff8800000f0e70]
Nov 28 13:02:03 node-02 kernel: [    0.000000] Scanning 1 areas for low memory corruption
Nov 28 13:02:03 node-02 kernel: [    0.000000] Base memory trampoline at [ffff880000099000] 99000 size 24576
Nov 28 13:02:03 node-02 kernel: [    0.000000] init_memory_mapping: [mem 0x00000000-0x000fffff]
Nov 28 13:02:03 node-02 kernel: [    0.000000]  [mem 0x00000000-0x000fffff] page 4k
Nov 28 13:02:03 node-02 kernel: [    0.000000] BRK [0x01fdd000, 0x01fddfff] PGTABLE
Nov 28 13:02:03 node-02 kernel: [    0.000000] BRK [0x01fde000, 0x01fdefff] PGTABLE
Nov 28 13:02:03 node-02 kernel: [    0.000000] BRK [0x01fdf000, 0x01fdffff] PGTABLE
Nov 28 13:02:03 node-02 kernel: [    0.000000] init_memory_mapping: [mem 0x3fc00000-0x3fdfffff]
Nov 28 13:02:03 node-02 kernel: [    0.000000]  [mem 0x3fc00000-0x3fdfffff] page 2M
Nov 28 13:02:03 node-02 kernel: [    0.000000] init_memory_mapping: [mem 0x3c000000-0x3fbfffff]
Nov 28 13:02:03 node-02 kernel: [    0.000000]  [mem 0x3c000000-0x3fbfffff] page 2M
Nov 28 13:02:03 node-02 kernel: [    0.000000] init_memory_mapping: [mem 0x00100000-0x3bffffff]
Nov 28 13:02:03 node-02 kernel: [    0.000000]  [mem 0x00100000-0x001fffff] page 4k
Nov 28 13:02:03 node-02 kernel: [    0.000000]  [mem 0x00200000-0x3bffffff] page 2M
Nov 28 13:02:03 node-02 kernel: [    0.000000] init_memory_mapping: [mem 0x3fe00000-0x3ffdffff]
Nov 28 13:02:03 node-02 kernel: [    0.000000]  [mem 0x3fe00000-0x3ffdffff] page 4k
Nov 28 13:02:03 node-02 kernel: [    0.000000] BRK [0x01fe0000, 0x01fe0fff] PGTABLE
Nov 28 13:02:03 node-02 kernel: [    0.000000] RAMDISK: [mem 0x359b4000-0x36cd1fff]
Nov 28 13:02:03 node-02 kernel: [    0.000000] ACPI: RSDP 00000000000f0c70 000014 (v00 BOCHS )
Nov 28 13:02:03 node-02 kernel: [    0.000000] ACPI: RSDT 000000003ffe3cc6 000034 (v01 BOCHS  BXPCRSDT 00000001 BXPC 00000001)
Nov 28 13:02:03 node-02 kernel: [    0.000000] ACPI: FACP 000000003ffe0b37 000074 (v01 BOCHS  BXPCFACP 00000001 BXPC 00000001)
Nov 28 13:02:03 node-02 kernel: [    0.000000] ACPI: DSDT 000000003ffe0040 000AF7 (v01 BOCHS  BXPCDSDT 00000001 BXPC 00000001)
Nov 28 13:02:03 node-02 kernel: [    0.000000] ACPI: FACS 000000003ffe0000 000040
Nov 28 13:02:03 node-02 kernel: [    0.000000] ACPI: SSDT 000000003ffe0bab 00306B (v01 BOCHS  BXPCSSDT 00000001 BXPC 00000001)
Nov 28 13:02:03 node-02 kernel: [    0.000000] ACPI: APIC 000000003ffe3c16 000078 (v01 BOCHS  BXPCAPIC 00000001 BXPC 00000001)
Nov 28 13:02:03 node-02 kernel: [    0.000000] ACPI: HPET 000000003ffe3c8e 000038 (v01 BOCHS  BXPCHPET 00000001 BXPC 00000001)
Nov 28 13:02:03 node-02 kernel: [    0.000000] ACPI: Local APIC address 0xfee00000
Nov 28 13:02:03 node-02 kernel: [    0.000000] No NUMA configuration found
Nov 28 13:02:03 node-02 kernel: [    0.000000] Faking a node at [mem 0x0000000000000000-0x000000003ffdffff]
Nov 28 13:02:03 node-02 kernel: [    0.000000] Initmem setup node 0 [mem 0x00000000-0x3ffdffff]
Nov 28 13:02:03 node-02 kernel: [    0.000000]   NODE_DATA [mem 0x3ffdb000-0x3ffdffff]
Nov 28 13:02:03 node-02 kernel: [    0.000000] kvm-clock: Using msrs 4b564d01 and 4b564d00
Nov 28 13:02:03 node-02 kernel: [    0.000000] kvm-clock: cpu 0, msr 0:3ffd7001, boot clock
Nov 28 13:02:03 node-02 kernel: [    0.000000]  [ffffea0000000000-ffffea0000ffffff] PMD -> [ffff88003e600000-ffff88003f5fffff] on node 0
Nov 28 13:02:03 node-02 kernel: [    0.000000] Zone ranges:
Nov 28 13:02:03 node-02 kernel: [    0.000000]   DMA      [mem 0x00001000-0x00ffffff]
Nov 28 13:02:03 node-02 kernel: [    0.000000]   DMA32    [mem 0x01000000-0xffffffff]
Nov 28 13:02:03 node-02 kernel: [    0.000000]   Normal   empty
Nov 28 13:02:03 node-02 kernel: [    0.000000] Movable zone start for each node
Nov 28 13:02:03 node-02 kernel: [    0.000000] Early memory node ranges
Nov 28 13:02:03 node-02 kernel: [    0.000000]   node   0: [mem 0x00001000-0x0009efff]
Nov 28 13:02:03 node-02 kernel: [    0.000000]   node   0: [mem 0x00100000-0x3ffdffff]
Nov 28 13:02:03 node-02 kernel: [    0.000000] On node 0 totalpages: 262014
Nov 28 13:02:03 node-02 kernel: [    0.000000]   DMA zone: 64 pages used for memmap
Nov 28 13:02:03 node-02 kernel: [    0.000000]   DMA zone: 21 pages reserved
Nov 28 13:02:03 node-02 kernel: [    0.000000]   DMA zone: 3998 pages, LIFO batch:0
Nov 28 13:02:03 node-02 kernel: [    0.000000]   DMA32 zone: 4032 pages used for memmap
Nov 28 13:02:03 node-02 kernel: [    0.000000]   DMA32 zone: 258016 pages, LIFO batch:31
Nov 28 13:02:03 node-02 kernel: [    0.000000] ACPI: PM-Timer IO Port: 0x608
Nov 28 13:02:03 node-02 kernel: [    0.000000] ACPI: Local APIC address 0xfee00000
Nov 28 13:02:03 node-02 kernel: [    0.000000] ACPI: LAPIC (acpi_id[0x00] lapic_id[0x00] enabled)
Nov 28 13:02:03 node-02 kernel: [    0.000000] ACPI: LAPIC_NMI (acpi_id[0xff] dfl dfl lint[0x1])
Nov 28 13:02:03 node-02 kernel: [    0.000000] ACPI: IOAPIC (id[0x00] address[0xfec00000] gsi_base[0])
Nov 28 13:02:03 node-02 kernel: [    0.000000] IOAPIC[0]: apic_id 0, version 17, address 0xfec00000, GSI 0-23
Nov 28 13:02:03 node-02 kernel: [    0.000000] ACPI: INT_SRC_OVR (bus 0 bus_irq 0 global_irq 2 dfl dfl)
Nov 28 13:02:03 node-02 kernel: [    0.000000] ACPI: INT_SRC_OVR (bus 0 bus_irq 5 global_irq 5 high level)
Nov 28 13:02:03 node-02 kernel: [    0.000000] ACPI: INT_SRC_OVR (bus 0 bus_irq 9 global_irq 9 high level)
Nov 28 13:02:03 node-02 kernel: [    0.000000] ACPI: INT_SRC_OVR (bus 0 bus_irq 10 global_irq 10 high level)
Nov 28 13:02:03 node-02 kernel: [    0.000000] ACPI: INT_SRC_OVR (bus 0 bus_irq 11 global_irq 11 high level)
Nov 28 13:02:03 node-02 kernel: [    0.000000] ACPI: IRQ0 used by override.
Nov 28 13:02:03 node-02 kernel: [    0.000000] ACPI: IRQ2 used by override.
Nov 28 13:02:03 node-02 kernel: [    0.000000] ACPI: IRQ5 used by override.
Nov 28 13:02:03 node-02 kernel: [    0.000000] ACPI: IRQ9 used by override.
Nov 28 13:02:03 node-02 kernel: [    0.000000] ACPI: IRQ10 used by override.
Nov 28 13:02:03 node-02 kernel: [    0.000000] ACPI: IRQ11 used by override.
Nov 28 13:02:03 node-02 kernel: [    0.000000] Using ACPI (MADT) for SMP configuration information
Nov 28 13:02:03 node-02 kernel: [    0.000000] ACPI: HPET id: 0x8086a201 base: 0xfed00000
Nov 28 13:02:03 node-02 kernel: [    0.000000] smpboot: Allowing 1 CPUs, 0 hotplug CPUs
Nov 28 13:02:03 node-02 kernel: [    0.000000] nr_irqs_gsi: 40
Nov 28 13:02:03 node-02 kernel: [    0.000000] PM: Registered nosave memory: [mem 0x0009f000-0x0009ffff]
Nov 28 13:02:03 node-02 kernel: [    0.000000] PM: Registered nosave memory: [mem 0x000a0000-0x000effff]
Nov 28 13:02:03 node-02 kernel: [    0.000000] PM: Registered nosave memory: [mem 0x000f0000-0x000fffff]
Nov 28 13:02:03 node-02 kernel: [    0.000000] e820: [mem 0x40000000-0xfeffbfff] available for PCI devices
Nov 28 13:02:03 node-02 kernel: [    0.000000] Booting paravirtualized kernel on KVM
Nov 28 13:02:03 node-02 kernel: [    0.000000] setup_percpu: NR_CPUS:256 nr_cpumask_bits:256 nr_cpu_ids:1 nr_node_ids:1
Nov 28 13:02:03 node-02 kernel: [    0.000000] PERCPU: Embedded 29 pages/cpu @ffff88003fc00000 s86336 r8192 d24256 u2097152
Nov 28 13:02:03 node-02 kernel: [    0.000000] pcpu-alloc: s86336 r8192 d24256 u2097152 alloc=1*2097152
Nov 28 13:02:03 node-02 kernel: [    0.000000] pcpu-alloc: [0] 0 
Nov 28 13:02:03 node-02 kernel: [    0.000000] kvm-clock: cpu 0, msr 0:3ffd7001, primary cpu clock
Nov 28 13:02:03 node-02 kernel: [    0.000000] KVM setup async PF for cpu 0
Nov 28 13:02:03 node-02 kernel: [    0.000000] kvm-stealtime: cpu 0, msr 3fc0dfc0
Nov 28 13:02:03 node-02 kernel: [    0.000000] Built 1 zonelists in Node order, mobility grouping on.  Total pages: 257897
Nov 28 13:02:03 node-02 kernel: [    0.000000] Policy zone: DMA32
Nov 28 13:02:03 node-02 kernel: [    0.000000] Kernel command line: BOOT_IMAGE=/vmlinuz-3.13.0-24-generic root=/dev/mapper/node--02--vg-root ro
Nov 28 13:02:03 node-02 kernel: [    0.000000] PID hash table entries: 4096 (order: 3, 32768 bytes)
Nov 28 13:02:03 node-02 kernel: [    0.000000] Checking aperture...
Nov 28 13:02:03 node-02 kernel: [    0.000000] No AGP bridge found
Nov 28 13:02:03 node-02 kernel: [    0.000000] Calgary: detecting Calgary via BIOS EBDA area
Nov 28 13:02:03 node-02 kernel: [    0.000000] Calgary: Unable to locate Rio Grande table in EBDA - bailing!
Nov 28 13:02:03 node-02 kernel: [    0.000000] Memory: 995340K/1048056K available (7338K kernel code, 1138K rwdata, 3388K rodata, 1332K init, 1440K bss, 52716K reserved)
Nov 28 13:02:03 node-02 kernel: [    0.000000] SLUB: HWalign=64, Order=0-3, MinObjects=0, CPUs=1, Nodes=1
Nov 28 13:02:03 node-02 kernel: [    0.000000] Hierarchical RCU implementation.
Nov 28 13:02:03 node-02 kernel: [    0.000000] 	RCU dyntick-idle grace-period acceleration is enabled.
Nov 28 13:02:03 node-02 kernel: [    0.000000] 	RCU restricting CPUs from NR_CPUS=256 to nr_cpu_ids=1.
Nov 28 13:02:03 node-02 kernel: [    0.000000] 	Offload RCU callbacks from all CPUs
Nov 28 13:02:03 node-02 kernel: [    0.000000] 	Offload RCU callbacks from CPUs: 0.
Nov 28 13:02:03 node-02 kernel: [    0.000000] NR_IRQS:16640 nr_irqs:256 16
Nov 28 13:02:03 node-02 kernel: [    0.000000] Console: colour VGA+ 80x25
Nov 28 13:02:03 node-02 kernel: [    0.000000] console [tty0] enabled
Nov 28 13:02:03 node-02 kernel: [    0.000000] allocated 4194304 bytes of page_cgroup
Nov 28 13:02:03 node-02 kernel: [    0.000000] please try 'cgroup_disable=memory' option if you don't want memory cgroups
Nov 28 13:02:03 node-02 kernel: [    0.000000] hpet clockevent registered
Nov 28 13:02:03 node-02 kernel: [    0.000000] tsc: Detected 2499.826 MHz processor
Nov 28 13:02:03 node-02 kernel: [    0.008000] Calibrating delay loop (skipped) preset value.. 4999.65 BogoMIPS (lpj=9999304)
Nov 28 13:02:03 node-02 kernel: [    0.008000] pid_max: default: 32768 minimum: 301
Nov 28 13:02:03 node-02 kernel: [    0.008000] Security Framework initialized
Nov 28 13:02:03 node-02 kernel: [    0.008000] AppArmor: AppArmor initialized
Nov 28 13:02:03 node-02 kernel: [    0.008000] Yama: becoming mindful.
Nov 28 13:02:03 node-02 kernel: [    0.008000] Dentry cache hash table entries: 131072 (order: 8, 1048576 bytes)
Nov 28 13:02:03 node-02 kernel: [    0.008000] Inode-cache hash table entries: 65536 (order: 7, 524288 bytes)
Nov 28 13:02:03 node-02 kernel: [    0.008000] Mount-cache hash table entries: 2048 (order: 2, 16384 bytes)
Nov 28 13:02:03 node-02 kernel: [    0.008009] Mountpoint-cache hash table entries: 2048 (order: 2, 16384 bytes)
Nov 28 13:02:03 node-02 kernel: [    0.008633] Initializing cgroup subsys memory
Nov 28 13:02:03 node-02 kernel: [    0.008932] Initializing cgroup subsys devices
Nov 28 13:02:03 node-02 kernel: [    0.009218] Initializing cgroup subsys freezer
Nov 28 13:02:03 node-02 kernel: [    0.009501] Initializing cgroup subsys blkio
Nov 28 13:02:03 node-02 kernel: [    0.009781] Initializing cgroup subsys perf_event
Nov 28 13:02:03 node-02 kernel: [    0.010069] Initializing cgroup subsys hugetlb
Nov 28 13:02:03 node-02 kernel: [    0.010421] mce: CPU supports 10 MCE banks
Nov 28 13:02:03 node-02 kernel: [    0.010739] Last level iTLB entries: 4KB 0, 2MB 0, 4MB 0
Nov 28 13:02:03 node-02 kernel: [    0.010739] Last level dTLB entries: 4KB 0, 2MB 0, 4MB 0
Nov 28 13:02:03 node-02 kernel: [    0.010739] tlb_flushall_shift: 6
Nov 28 13:02:03 node-02 kernel: [    0.028611] Freeing SMP alternatives memory: 32K (ffffffff81e6b000 - ffffffff81e73000)
Nov 28 13:02:03 node-02 kernel: [    0.032906] ACPI: Core revision 20131115
Nov 28 13:02:03 node-02 kernel: [    0.035012] ACPI: All ACPI Tables successfully acquired
Nov 28 13:02:03 node-02 kernel: [    0.035456] ftrace: allocating 28408 entries in 111 pages
Nov 28 13:02:03 node-02 kernel: [    0.044332] Enabling x2apic
Nov 28 13:02:03 node-02 kernel: [    0.044607] Enabled x2apic
Nov 28 13:02:03 node-02 kernel: [    0.045032] Switched APIC routing to physical x2apic.
Nov 28 13:02:03 node-02 kernel: [    0.048915] ..TIMER: vector=0x30 apic1=0 pin1=2 apic2=-1 pin2=-1
Nov 28 13:02:03 node-02 kernel: [    0.049223] smpboot: CPU0: Intel QEMU Virtual CPU (fam: 06, model: 06, stepping: 03)
Nov 28 13:02:03 node-02 kernel: [    0.054657] Performance Events: Broken PMU hardware detected, using software events only.
Nov 28 13:02:03 node-02 kernel: [    0.055243] Failed to access perfctr msr (MSR c1 is 0)
Nov 28 13:02:03 node-02 kernel: [    0.057174] x86: Booted up 1 node, 1 CPUs
Nov 28 13:02:03 node-02 kernel: [    0.057458] smpboot: Total of 1 processors activated (4999.65 BogoMIPS)
Nov 28 13:02:03 node-02 kernel: [    0.058094] NMI watchdog: disabled (cpu0): hardware events not enabled
Nov 28 13:02:03 node-02 kernel: [    0.058537] devtmpfs: initialized
Nov 28 13:02:03 node-02 kernel: [    0.060707] EVM: security.selinux
Nov 28 13:02:03 node-02 kernel: [    0.060974] EVM: security.SMACK64
Nov 28 13:02:03 node-02 kernel: [    0.061232] EVM: security.ima
Nov 28 13:02:03 node-02 kernel: [    0.061481] EVM: security.capability
Nov 28 13:02:03 node-02 kernel: [    0.062671] pinctrl core: initialized pinctrl subsystem
Nov 28 13:02:03 node-02 kernel: [    0.063042] regulator-dummy: no parameters
Nov 28 13:02:03 node-02 kernel: [    0.063391] RTC time: 18:01:24, date: 11/28/15
Nov 28 13:02:03 node-02 kernel: [    0.063708] NET: Registered protocol family 16
Nov 28 13:02:03 node-02 kernel: [    0.064128] cpuidle: using governor ladder
Nov 28 13:02:03 node-02 kernel: [    0.064407] cpuidle: using governor menu
Nov 28 13:02:03 node-02 kernel: [    0.064713] ACPI: bus type PCI registered
Nov 28 13:02:03 node-02 kernel: [    0.064990] acpiphp: ACPI Hot Plug PCI Controller Driver version: 0.5
Nov 28 13:02:03 node-02 kernel: [    0.065419] PCI: Using configuration type 1 for base access
Nov 28 13:02:03 node-02 kernel: [    0.066474] bio: create slab <bio-0> at 0
Nov 28 13:02:03 node-02 kernel: [    0.067017] ACPI: Added _OSI(Module Device)
Nov 28 13:02:03 node-02 kernel: [    0.067298] ACPI: Added _OSI(Processor Device)
Nov 28 13:02:03 node-02 kernel: [    0.067575] ACPI: Added _OSI(3.0 _SCP Extensions)
Nov 28 13:02:03 node-02 kernel: [    0.067866] ACPI: Added _OSI(Processor Aggregator Device)
Nov 28 13:02:03 node-02 kernel: [    0.069622] ACPI: Interpreter enabled
Nov 28 13:02:03 node-02 kernel: [    0.069901] ACPI Exception: AE_NOT_FOUND, While evaluating Sleep State [\_S1_] (20131115/hwxface-580)
Nov 28 13:02:03 node-02 kernel: [    0.070530] ACPI Exception: AE_NOT_FOUND, While evaluating Sleep State [\_S2_] (20131115/hwxface-580)
Nov 28 13:02:03 node-02 kernel: [    0.071190] ACPI: (supports S0 S3 S4 S5)
Nov 28 13:02:03 node-02 kernel: [    0.071517] ACPI: Using IOAPIC for interrupt routing
Nov 28 13:02:03 node-02 kernel: [    0.072010] PCI: Using host bridge windows from ACPI; if necessary, use "pci=nocrs" and report a bug
Nov 28 13:02:03 node-02 kernel: [    0.073798] ACPI: No dock devices found.
Nov 28 13:02:03 node-02 kernel: [    0.082104] ACPI: PCI Root Bridge [PCI0] (domain 0000 [bus 00-ff])
Nov 28 13:02:03 node-02 kernel: [    0.082429] acpi PNP0A03:00: _OSC: OS supports [ASPM ClockPM Segments MSI]
Nov 28 13:02:03 node-02 kernel: [    0.082764] acpi PNP0A03:00: _OSC failed (AE_NOT_FOUND); disabling ASPM
Nov 28 13:02:03 node-02 kernel: [    0.083147] acpi PNP0A03:00: fail to add MMCONFIG information, can't access extended PCI configuration space under this bridge.
Nov 28 13:02:03 node-02 kernel: [    0.083949] acpiphp: Slot [9] registered
Nov 28 13:02:03 node-02 kernel: [    0.084021] acpiphp: Slot [10] registered
Nov 28 13:02:03 node-02 kernel: [    0.084319] acpiphp: Slot [11] registered
Nov 28 13:02:03 node-02 kernel: [    0.084615] acpiphp: Slot [12] registered
Nov 28 13:02:03 node-02 kernel: [    0.084904] acpiphp: Slot [13] registered
Nov 28 13:02:03 node-02 kernel: [    0.085189] acpiphp: Slot [14] registered
Nov 28 13:02:03 node-02 kernel: [    0.085475] acpiphp: Slot [15] registered
Nov 28 13:02:03 node-02 kernel: [    0.085769] acpiphp: Slot [16] registered
Nov 28 13:02:03 node-02 kernel: [    0.086058] acpiphp: Slot [17] registered
Nov 28 13:02:03 node-02 kernel: [    0.086355] acpiphp: Slot [18] registered
Nov 28 13:02:03 node-02 kernel: [    0.086649] acpiphp: Slot [19] registered
Nov 28 13:02:03 node-02 kernel: [    0.086978] acpiphp: Slot [20] registered
Nov 28 13:02:03 node-02 kernel: [    0.087280] acpiphp: Slot [21] registered
Nov 28 13:02:03 node-02 kernel: [    0.087573] acpiphp: Slot [22] registered
Nov 28 13:02:03 node-02 kernel: [    0.088020] acpiphp: Slot [23] registered
Nov 28 13:02:03 node-02 kernel: [    0.088318] acpiphp: Slot [24] registered
Nov 28 13:02:03 node-02 kernel: [    0.088618] acpiphp: Slot [25] registered
Nov 28 13:02:03 node-02 kernel: [    0.088912] acpiphp: Slot [26] registered
Nov 28 13:02:03 node-02 kernel: [    0.089199] acpiphp: Slot [27] registered
Nov 28 13:02:03 node-02 kernel: [    0.089485] acpiphp: Slot [28] registered
Nov 28 13:02:03 node-02 kernel: [    0.089777] acpiphp: Slot [29] registered
Nov 28 13:02:03 node-02 kernel: [    0.090064] acpiphp: Slot [30] registered
Nov 28 13:02:03 node-02 kernel: [    0.091323] acpiphp: Slot [31] registered
Nov 28 13:02:03 node-02 kernel: [    0.091731] PCI host bridge to bus 0000:00
Nov 28 13:02:03 node-02 kernel: [    0.092005] pci_bus 0000:00: root bus resource [bus 00-ff]
Nov 28 13:02:03 node-02 kernel: [    0.092306] pci_bus 0000:00: root bus resource [io  0x0000-0x0cf7]
Nov 28 13:02:03 node-02 kernel: [    0.092618] pci_bus 0000:00: root bus resource [io  0x0d00-0xadff]
Nov 28 13:02:03 node-02 kernel: [    0.092930] pci_bus 0000:00: root bus resource [io  0xae0f-0xaeff]
Nov 28 13:02:03 node-02 kernel: [    0.093248] pci_bus 0000:00: root bus resource [io  0xaf20-0xafdf]
Nov 28 13:02:03 node-02 kernel: [    0.093582] pci_bus 0000:00: root bus resource [io  0xafe4-0xffff]
Nov 28 13:02:03 node-02 kernel: [    0.093912] pci_bus 0000:00: root bus resource [mem 0x000a0000-0x000bffff]
Nov 28 13:02:03 node-02 kernel: [    0.094239] pci_bus 0000:00: root bus resource [mem 0x40000000-0xfebfffff]
Nov 28 13:02:03 node-02 kernel: [    0.094598] pci 0000:00:00.0: [8086:1237] type 00 class 0x060000
Nov 28 13:02:03 node-02 kernel: [    0.094956] pci 0000:00:01.0: [8086:7000] type 00 class 0x060100
Nov 28 13:02:03 node-02 kernel: [    0.095408] pci 0000:00:01.1: [8086:7010] type 00 class 0x010180
Nov 28 13:02:03 node-02 kernel: [    0.102153] pci 0000:00:01.1: reg 0x20: [io  0x6140-0x614f]
Nov 28 13:02:03 node-02 kernel: [    0.108175] pci 0000:00:01.3: [8086:7113] type 00 class 0x068000
Nov 28 13:02:03 node-02 kernel: [    0.108520] pci 0000:00:01.3: quirk: [io  0x0600-0x063f] claimed by PIIX4 ACPI
Nov 28 13:02:03 node-02 kernel: [    0.109007] pci 0000:00:01.3: quirk: [io  0x0700-0x070f] claimed by PIIX4 SMB
Nov 28 13:02:03 node-02 kernel: [    0.109528] pci 0000:00:02.0: [1234:1111] type 00 class 0x030000
Nov 28 13:02:03 node-02 kernel: [    0.113541] pci 0000:00:02.0: reg 0x10: [mem 0xfc000000-0xfcffffff pref]
Nov 28 13:02:03 node-02 kernel: [    0.120068] pci 0000:00:02.0: reg 0x18: [mem 0xfea12000-0xfea12fff]
Nov 28 13:02:03 node-02 kernel: [    0.133467] pci 0000:00:02.0: reg 0x30: [mem 0xfea00000-0xfea0ffff pref]
Nov 28 13:02:03 node-02 kernel: [    0.134016] pci 0000:00:03.0: [1b36:0001] type 01 class 0x060400
Nov 28 13:02:03 node-02 kernel: [    0.136005] pci 0000:00:03.0: reg 0x10: [mem 0xfea13000-0xfea130ff 64bit]
Nov 28 13:02:03 node-02 kernel: [    0.141951] pci 0000:00:04.0: [1b36:0001] type 01 class 0x060400
Nov 28 13:02:03 node-02 kernel: [    0.145428] pci 0000:00:04.0: reg 0x10: [mem 0xfea14000-0xfea140ff 64bit]
Nov 28 13:02:03 node-02 kernel: [    0.149971] pci 0000:00:05.0: [1b36:0001] type 01 class 0x060400
Nov 28 13:02:03 node-02 kernel: [    0.152006] pci 0000:00:05.0: reg 0x10: [mem 0xfea15000-0xfea150ff 64bit]
Nov 28 13:02:03 node-02 kernel: [    0.156197] pci 0000:00:06.0: [1b36:0001] type 01 class 0x060400
Nov 28 13:02:03 node-02 kernel: [    0.158956] pci 0000:00:06.0: reg 0x10: [mem 0xfea16000-0xfea160ff 64bit]
Nov 28 13:02:03 node-02 kernel: [    0.161921] pci 0000:00:07.0: [1b36:0001] type 01 class 0x060400
Nov 28 13:02:03 node-02 kernel: [    0.164006] pci 0000:00:07.0: reg 0x10: [mem 0xfea17000-0xfea170ff 64bit]
Nov 28 13:02:03 node-02 kernel: [    0.168323] pci 0000:00:08.0: [8086:7020] type 00 class 0x0c0300
Nov 28 13:02:03 node-02 kernel: [    0.174737] pci 0000:00:08.0: reg 0x20: [io  0x6100-0x611f]
Nov 28 13:02:03 node-02 kernel: [    0.178276] pci 0000:00:09.0: [1af4:1003] type 00 class 0x078000
Nov 28 13:02:03 node-02 kernel: [    0.180006] pci 0000:00:09.0: reg 0x10: [io  0x6120-0x613f]
Nov 28 13:02:03 node-02 kernel: [    0.182686] pci 0000:00:09.0: reg 0x14: [mem 0xfea18000-0xfea18fff]
Nov 28 13:02:03 node-02 kernel: [    0.196315] pci 0000:00:0a.0: [1000:0012] type 00 class 0x010000
Nov 28 13:02:03 node-02 kernel: [    0.200006] pci 0000:00:0a.0: reg 0x10: [io  0x6000-0x60ff]
Nov 28 13:02:03 node-02 kernel: [    0.204005] pci 0000:00:0a.0: reg 0x14: [mem 0xfea19000-0xfea193ff]
Nov 28 13:02:03 node-02 kernel: [    0.208004] pci 0000:00:0a.0: reg 0x18: [mem 0xfea10000-0xfea11fff]
Nov 28 13:02:03 node-02 kernel: [    0.225511] acpiphp: Slot [0] registered
Nov 28 13:02:03 node-02 kernel: [    0.225904] acpiphp: Slot [1] registered
Nov 28 13:02:03 node-02 kernel: [    0.226204] acpiphp: Slot [2] registered
Nov 28 13:02:03 node-02 kernel: [    0.228045] acpiphp: Slot [3-2] registered
Nov 28 13:02:03 node-02 kernel: [    0.228340] acpiphp: Slot [4-2] registered
Nov 28 13:02:03 node-02 kernel: [    0.228638] acpiphp: Slot [5-2] registered
Nov 28 13:02:03 node-02 kernel: [    0.228933] acpiphp: Slot [6-2] registered
Nov 28 13:02:03 node-02 kernel: [    0.229227] acpiphp: Slot [7-2] registered
Nov 28 13:02:03 node-02 kernel: [    0.229520] acpiphp: Slot [8] registered
Nov 28 13:02:03 node-02 kernel: [    0.229812] acpiphp: Slot [9-2] registered
Nov 28 13:02:03 node-02 kernel: [    0.230118] acpiphp: Slot [10-2] registered
Nov 28 13:02:03 node-02 kernel: [    0.230413] acpiphp: Slot [11-2] registered
Nov 28 13:02:03 node-02 kernel: [    0.232029] acpiphp: Slot [12-2] registered
Nov 28 13:02:03 node-02 kernel: [    0.232360] acpiphp: Slot [13-2] registered
Nov 28 13:02:03 node-02 kernel: [    0.232725] acpiphp: Slot [14-2] registered
Nov 28 13:02:03 node-02 kernel: [    0.233044] acpiphp: Slot [15-2] registered
Nov 28 13:02:03 node-02 kernel: [    0.233448] acpiphp: Slot [16-2] registered
Nov 28 13:02:03 node-02 kernel: [    0.233997] acpiphp: Slot [17-2] registered
Nov 28 13:02:03 node-02 kernel: [    0.236040] acpiphp: Slot [18-2] registered
Nov 28 13:02:03 node-02 kernel: [    0.236553] acpiphp: Slot [19-2] registered
Nov 28 13:02:03 node-02 kernel: [    0.237059] acpiphp: Slot [20-2] registered
Nov 28 13:02:03 node-02 kernel: [    0.237600] acpiphp: Slot [21-2] registered
Nov 28 13:02:03 node-02 kernel: [    0.238106] acpiphp: Slot [22-2] registered
Nov 28 13:02:03 node-02 kernel: [    0.238618] acpiphp: Slot [23-2] registered
Nov 28 13:02:03 node-02 kernel: [    0.239137] acpiphp: Slot [24-2] registered
Nov 28 13:02:03 node-02 kernel: [    0.240039] acpiphp: Slot [25-2] registered
Nov 28 13:02:03 node-02 kernel: [    0.240547] acpiphp: Slot [26-2] registered
Nov 28 13:02:03 node-02 kernel: [    0.241076] acpiphp: Slot [27-2] registered
Nov 28 13:02:03 node-02 kernel: [    0.241634] acpiphp: Slot [28-2] registered
Nov 28 13:02:03 node-02 kernel: [    0.242146] acpiphp: Slot [29-2] registered
Nov 28 13:02:03 node-02 kernel: [    0.242650] acpiphp: Slot [30-2] registered
Nov 28 13:02:03 node-02 kernel: [    0.243244] acpiphp: Slot [31-2] registered
Nov 28 13:02:03 node-02 kernel: [    0.244120] pci 0000:00:03.0: PCI bridge to [bus 01]
Nov 28 13:02:03 node-02 kernel: [    0.244642] pci 0000:00:03.0:   bridge window [io  0x5000-0x5fff]
Nov 28 13:02:03 node-02 kernel: [    0.244667] pci 0000:00:03.0:   bridge window [mem 0xfe800000-0xfe9fffff]
Nov 28 13:02:03 node-02 kernel: [    0.244712] pci 0000:00:03.0:   bridge window [mem 0xfd800000-0xfd9fffff 64bit pref]
Nov 28 13:02:03 node-02 kernel: [    0.247753] acpiphp: Slot [0-2] registered
Nov 28 13:02:03 node-02 kernel: [    0.248043] acpiphp: Slot [1-2] registered
Nov 28 13:02:03 node-02 kernel: [    0.248553] acpiphp: Slot [2-2] registered
Nov 28 13:02:03 node-02 kernel: [    0.249058] acpiphp: Slot [3-3] registered
Nov 28 13:02:03 node-02 kernel: [    0.249585] acpiphp: Slot [4-3] registered
Nov 28 13:02:03 node-02 kernel: [    0.250102] acpiphp: Slot [5-3] registered
Nov 28 13:02:03 node-02 kernel: [    0.250630] acpiphp: Slot [6-3] registered
Nov 28 13:02:03 node-02 kernel: [    0.251141] acpiphp: Slot [7-3] registered
Nov 28 13:02:03 node-02 kernel: [    0.251656] acpiphp: Slot [8-2] registered
Nov 28 13:02:03 node-02 kernel: [    0.252040] acpiphp: Slot [9-3] registered
Nov 28 13:02:03 node-02 kernel: [    0.252551] acpiphp: Slot [10-3] registered
Nov 28 13:02:03 node-02 kernel: [    0.253062] acpiphp: Slot [11-3] registered
Nov 28 13:02:03 node-02 kernel: [    0.253595] acpiphp: Slot [12-3] registered
Nov 28 13:02:03 node-02 kernel: [    0.254118] acpiphp: Slot [13-3] registered
Nov 28 13:02:03 node-02 kernel: [    0.254638] acpiphp: Slot [14-3] registered
Nov 28 13:02:03 node-02 kernel: [    0.255164] acpiphp: Slot [15-3] registered
Nov 28 13:02:03 node-02 kernel: [    0.256042] acpiphp: Slot [16-3] registered
Nov 28 13:02:03 node-02 kernel: [    0.256548] acpiphp: Slot [17-3] registered
Nov 28 13:02:03 node-02 kernel: [    0.257074] acpiphp: Slot [18-3] registered
Nov 28 13:02:03 node-02 kernel: [    0.257603] acpiphp: Slot [19-3] registered
Nov 28 13:02:03 node-02 kernel: [    0.257981] acpiphp: Slot [20-3] registered
Nov 28 13:02:03 node-02 kernel: [    0.258287] acpiphp: Slot [21-3] registered
Nov 28 13:02:03 node-02 kernel: [    0.258609] acpiphp: Slot [22-3] registered
Nov 28 13:02:03 node-02 kernel: [    0.259172] acpiphp: Slot [23-3] registered
Nov 28 13:02:03 node-02 kernel: [    0.259470] acpiphp: Slot [24-3] registered
Nov 28 13:02:03 node-02 kernel: [    0.259853] acpiphp: Slot [25-3] registered
Nov 28 13:02:03 node-02 kernel: [    0.260029] acpiphp: Slot [26-3] registered
Nov 28 13:02:03 node-02 kernel: [    0.260330] acpiphp: Slot [27-3] registered
Nov 28 13:02:03 node-02 kernel: [    0.260816] acpiphp: Slot [28-3] registered
Nov 28 13:02:03 node-02 kernel: [    0.261152] acpiphp: Slot [29-3] registered
Nov 28 13:02:03 node-02 kernel: [    0.261489] acpiphp: Slot [30-3] registered
Nov 28 13:02:03 node-02 kernel: [    0.261962] acpiphp: Slot [31-3] registered
Nov 28 13:02:03 node-02 kernel: [    0.262507] pci 0000:00:04.0: PCI bridge to [bus 02]
Nov 28 13:02:03 node-02 kernel: [    0.262993] pci 0000:00:04.0:   bridge window [io  0x4000-0x4fff]
Nov 28 13:02:03 node-02 kernel: [    0.263009] pci 0000:00:04.0:   bridge window [mem 0xfe600000-0xfe7fffff]
Nov 28 13:02:03 node-02 kernel: [    0.263038] pci 0000:00:04.0:   bridge window [mem 0xfd600000-0xfd7fffff 64bit pref]
Nov 28 13:02:03 node-02 kernel: [    0.268769] acpiphp: Slot [0-3] registered
Nov 28 13:02:03 node-02 kernel: [    0.269163] acpiphp: Slot [1-3] registered
Nov 28 13:02:03 node-02 kernel: [    0.269521] acpiphp: Slot [2-3] registered
Nov 28 13:02:03 node-02 kernel: [    0.270004] acpiphp: Slot [3-4] registered
Nov 28 13:02:03 node-02 kernel: [    0.270337] acpiphp: Slot [4-4] registered
Nov 28 13:02:03 node-02 kernel: [    0.270670] acpiphp: Slot [5-4] registered
Nov 28 13:02:03 node-02 kernel: [    0.272030] acpiphp: Slot [6-4] registered
Nov 28 13:02:03 node-02 kernel: [    0.272363] acpiphp: Slot [7-4] registered
Nov 28 13:02:03 node-02 kernel: [    0.272732] acpiphp: Slot [8-3] registered
Nov 28 13:02:03 node-02 kernel: [    0.273178] acpiphp: Slot [9-4] registered
Nov 28 13:02:03 node-02 kernel: [    0.273490] acpiphp: Slot [10-4] registered
Nov 28 13:02:03 node-02 kernel: [    0.273832] acpiphp: Slot [11-4] registered
Nov 28 13:02:03 node-02 kernel: [    0.274232] acpiphp: Slot [12-4] registered
Nov 28 13:02:03 node-02 kernel: [    0.274546] acpiphp: Slot [13-4] registered
Nov 28 13:02:03 node-02 kernel: [    0.274943] acpiphp: Slot [14-4] registered
Nov 28 13:02:03 node-02 kernel: [    0.275324] acpiphp: Slot [15-4] registered
Nov 28 13:02:03 node-02 kernel: [    0.275658] acpiphp: Slot [16-4] registered
Nov 28 13:02:03 node-02 kernel: [    0.276056] acpiphp: Slot [17-4] registered
Nov 28 13:02:03 node-02 kernel: [    0.276366] acpiphp: Slot [18-4] registered
Nov 28 13:02:03 node-02 kernel: [    0.276693] acpiphp: Slot [19-4] registered
Nov 28 13:02:03 node-02 kernel: [    0.277086] acpiphp: Slot [20-4] registered
Nov 28 13:02:03 node-02 kernel: [    0.277389] acpiphp: Slot [21-4] registered
Nov 28 13:02:03 node-02 kernel: [    0.277721] acpiphp: Slot [22-4] registered
Nov 28 13:02:03 node-02 kernel: [    0.278116] acpiphp: Slot [23-4] registered
Nov 28 13:02:03 node-02 kernel: [    0.278437] acpiphp: Slot [24-4] registered
Nov 28 13:02:03 node-02 kernel: [    0.278766] acpiphp: Slot [25-4] registered
Nov 28 13:02:03 node-02 kernel: [    0.279145] acpiphp: Slot [26-4] registered
Nov 28 13:02:03 node-02 kernel: [    0.279451] acpiphp: Slot [27-4] registered
Nov 28 13:02:03 node-02 kernel: [    0.279799] acpiphp: Slot [28-4] registered
Nov 28 13:02:03 node-02 kernel: [    0.280043] acpiphp: Slot [29-4] registered
Nov 28 13:02:03 node-02 kernel: [    0.280358] acpiphp: Slot [30-4] registered
Nov 28 13:02:03 node-02 kernel: [    0.280697] acpiphp: Slot [31-4] registered
Nov 28 13:02:03 node-02 kernel: [    0.281257] pci 0000:00:05.0: PCI bridge to [bus 03]
Nov 28 13:02:03 node-02 kernel: [    0.281593] pci 0000:00:05.0:   bridge window [io  0x3000-0x3fff]
Nov 28 13:02:03 node-02 kernel: [    0.281609] pci 0000:00:05.0:   bridge window [mem 0xfe400000-0xfe5fffff]
Nov 28 13:02:03 node-02 kernel: [    0.281638] pci 0000:00:05.0:   bridge window [mem 0xfd400000-0xfd5fffff 64bit pref]
Nov 28 13:02:03 node-02 kernel: [    0.284378] acpiphp: Slot [0-4] registered
Nov 28 13:02:03 node-02 kernel: [    0.284753] acpiphp: Slot [1-4] registered
Nov 28 13:02:03 node-02 kernel: [    0.285114] acpiphp: Slot [2-4] registered
Nov 28 13:02:03 node-02 kernel: [    0.285419] acpiphp: Slot [3-5] registered
Nov 28 13:02:03 node-02 kernel: [    0.285785] acpiphp: Slot [4-5] registered
Nov 28 13:02:03 node-02 kernel: [    0.286139] acpiphp: Slot [5-5] registered
Nov 28 13:02:03 node-02 kernel: [    0.286478] acpiphp: Slot [6-5] registered
Nov 28 13:02:03 node-02 kernel: [    0.286837] acpiphp: Slot [7-5] registered
Nov 28 13:02:03 node-02 kernel: [    0.287177] acpiphp: Slot [8-4] registered
Nov 28 13:02:03 node-02 kernel: [    0.287486] acpiphp: Slot [9-5] registered
Nov 28 13:02:03 node-02 kernel: [    0.287843] acpiphp: Slot [10-5] registered
Nov 28 13:02:03 node-02 kernel: [    0.288036] acpiphp: Slot [11-5] registered
Nov 28 13:02:03 node-02 kernel: [    0.288412] acpiphp: Slot [12-5] registered
Nov 28 13:02:03 node-02 kernel: [    0.288810] acpiphp: Slot [13-5] registered
Nov 28 13:02:03 node-02 kernel: [    0.289127] acpiphp: Slot [14-5] registered
Nov 28 13:02:03 node-02 kernel: [    0.289492] acpiphp: Slot [15-5] registered
Nov 28 13:02:03 node-02 kernel: [    0.289867] acpiphp: Slot [16-5] registered
Nov 28 13:02:03 node-02 kernel: [    0.290173] acpiphp: Slot [17-5] registered
Nov 28 13:02:03 node-02 kernel: [    0.290547] acpiphp: Slot [18-5] registered
Nov 28 13:02:03 node-02 kernel: [    0.290900] acpiphp: Slot [19-5] registered
Nov 28 13:02:03 node-02 kernel: [    0.291216] acpiphp: Slot [20-5] registered
Nov 28 13:02:03 node-02 kernel: [    0.291606] acpiphp: Slot [21-5] registered
Nov 28 13:02:03 node-02 kernel: [    0.292037] acpiphp: Slot [22-5] registered
Nov 28 13:02:03 node-02 kernel: [    0.292341] acpiphp: Slot [23-5] registered
Nov 28 13:02:03 node-02 kernel: [    0.292704] acpiphp: Slot [24-5] registered
Nov 28 13:02:03 node-02 kernel: [    0.293072] acpiphp: Slot [25-5] registered
Nov 28 13:02:03 node-02 kernel: [    0.293375] acpiphp: Slot [26-5] registered
Nov 28 13:02:03 node-02 kernel: [    0.293753] acpiphp: Slot [27-5] registered
Nov 28 13:02:03 node-02 kernel: [    0.294118] acpiphp: Slot [28-5] registered
Nov 28 13:02:03 node-02 kernel: [    0.294429] acpiphp: Slot [29-5] registered
Nov 28 13:02:03 node-02 kernel: [    0.294840] acpiphp: Slot [30-5] registered
Nov 28 13:02:03 node-02 kernel: [    0.295204] acpiphp: Slot [31-5] registered
Nov 28 13:02:03 node-02 kernel: [    0.295541] pci 0000:04:01.0: [8086:100e] type 00 class 0x020000
Nov 28 13:02:03 node-02 kernel: [    0.301720] pci 0000:04:01.0: reg 0x10: [mem 0xfe200000-0xfe21ffff]
Nov 28 13:02:03 node-02 kernel: [    0.304010] pci 0000:04:01.0: reg 0x14: [io  0x2000-0x203f]
Nov 28 13:02:03 node-02 kernel: [    0.317603] pci 0000:04:02.0: [8086:100e] type 00 class 0x020000
Nov 28 13:02:03 node-02 kernel: [    0.321415] pci 0000:04:02.0: reg 0x10: [mem 0xfe220000-0xfe23ffff]
Nov 28 13:02:03 node-02 kernel: [    0.324008] pci 0000:04:02.0: reg 0x14: [io  0x2040-0x207f]
Nov 28 13:02:03 node-02 kernel: [    0.337812] pci 0000:00:06.0: PCI bridge to [bus 04]
Nov 28 13:02:03 node-02 kernel: [    0.338146] pci 0000:00:06.0:   bridge window [io  0x2000-0x2fff]
Nov 28 13:02:03 node-02 kernel: [    0.338162] pci 0000:00:06.0:   bridge window [mem 0xfe200000-0xfe3fffff]
Nov 28 13:02:03 node-02 kernel: [    0.338192] pci 0000:00:06.0:   bridge window [mem 0xfd200000-0xfd3fffff 64bit pref]
Nov 28 13:02:03 node-02 kernel: [    0.340480] acpiphp: Slot [0-5] registered
Nov 28 13:02:03 node-02 kernel: [    0.340789] acpiphp: Slot [1-5] registered
Nov 28 13:02:03 node-02 kernel: [    0.341139] acpiphp: Slot [2-5] registered
Nov 28 13:02:03 node-02 kernel: [    0.341449] acpiphp: Slot [3-6] registered
Nov 28 13:02:03 node-02 kernel: [    0.341747] acpiphp: Slot [4-6] registered
Nov 28 13:02:03 node-02 kernel: [    0.342044] acpiphp: Slot [5-6] registered
Nov 28 13:02:03 node-02 kernel: [    0.342345] acpiphp: Slot [6-6] registered
Nov 28 13:02:03 node-02 kernel: [    0.342645] acpiphp: Slot [7-6] registered
Nov 28 13:02:03 node-02 kernel: [    0.342943] acpiphp: Slot [8-5] registered
Nov 28 13:02:03 node-02 kernel: [    0.343246] acpiphp: Slot [9-6] registered
Nov 28 13:02:03 node-02 kernel: [    0.344046] acpiphp: Slot [10-6] registered
Nov 28 13:02:03 node-02 kernel: [    0.344355] acpiphp: Slot [11-6] registered
Nov 28 13:02:03 node-02 kernel: [    0.344656] acpiphp: Slot [12-6] registered
Nov 28 13:02:03 node-02 kernel: [    0.344962] acpiphp: Slot [13-6] registered
Nov 28 13:02:03 node-02 kernel: [    0.345267] acpiphp: Slot [14-6] registered
Nov 28 13:02:03 node-02 kernel: [    0.345568] acpiphp: Slot [15-6] registered
Nov 28 13:02:03 node-02 kernel: [    0.345874] acpiphp: Slot [16-6] registered
Nov 28 13:02:03 node-02 kernel: [    0.346186] acpiphp: Slot [17-6] registered
Nov 28 13:02:03 node-02 kernel: [    0.346489] acpiphp: Slot [18-6] registered
Nov 28 13:02:03 node-02 kernel: [    0.346801] acpiphp: Slot [19-6] registered
Nov 28 13:02:03 node-02 kernel: [    0.347101] acpiphp: Slot [20-6] registered
Nov 28 13:02:03 node-02 kernel: [    0.347400] acpiphp: Slot [21-6] registered
Nov 28 13:02:03 node-02 kernel: [    0.347705] acpiphp: Slot [22-6] registered
Nov 28 13:02:03 node-02 kernel: [    0.348029] acpiphp: Slot [23-6] registered
Nov 28 13:02:03 node-02 kernel: [    0.348338] acpiphp: Slot [24-6] registered
Nov 28 13:02:03 node-02 kernel: [    0.348640] acpiphp: Slot [25-6] registered
Nov 28 13:02:03 node-02 kernel: [    0.348948] acpiphp: Slot [26-6] registered
Nov 28 13:02:03 node-02 kernel: [    0.349248] acpiphp: Slot [27-6] registered
Nov 28 13:02:03 node-02 kernel: [    0.349547] acpiphp: Slot [28-6] registered
Nov 28 13:02:03 node-02 kernel: [    0.349860] acpiphp: Slot [29-6] registered
Nov 28 13:02:03 node-02 kernel: [    0.350164] acpiphp: Slot [30-6] registered
Nov 28 13:02:03 node-02 kernel: [    0.350473] acpiphp: Slot [31-6] registered
Nov 28 13:02:03 node-02 kernel: [    0.351015] pci 0000:00:07.0: PCI bridge to [bus 05]
Nov 28 13:02:03 node-02 kernel: [    0.351321] pci 0000:00:07.0:   bridge window [io  0x1000-0x1fff]
Nov 28 13:02:03 node-02 kernel: [    0.351337] pci 0000:00:07.0:   bridge window [mem 0xfe000000-0xfe1fffff]
Nov 28 13:02:03 node-02 kernel: [    0.351367] pci 0000:00:07.0:   bridge window [mem 0xfd000000-0xfd1fffff 64bit pref]
Nov 28 13:02:03 node-02 kernel: [    0.360492] ACPI: PCI Interrupt Link [LNKA] (IRQs 5 *10 11)
Nov 28 13:02:03 node-02 kernel: [    0.361240] ACPI: PCI Interrupt Link [LNKB] (IRQs 5 *10 11)
Nov 28 13:02:03 node-02 kernel: [    0.362994] ACPI: PCI Interrupt Link [LNKC] (IRQs 5 10 *11)
Nov 28 13:02:03 node-02 kernel: [    0.363704] ACPI: PCI Interrupt Link [LNKD] (IRQs 5 10 *11)
Nov 28 13:02:03 node-02 kernel: [    0.364386] ACPI: PCI Interrupt Link [LNKS] (IRQs *9)
Nov 28 13:02:03 node-02 kernel: [    0.365242] ACPI: Enabled 16 GPEs in block 00 to 0F
Nov 28 13:02:03 node-02 kernel: [    0.365668] ACPI: \_SB_.PCI0: notify handler is installed
Nov 28 13:02:03 node-02 kernel: [    0.365757] Found 1 acpi root devices
Nov 28 13:02:03 node-02 kernel: [    0.366186] vgaarb: device added: PCI:0000:00:02.0,decodes=io+mem,owns=io+mem,locks=none
Nov 28 13:02:03 node-02 kernel: [    0.366718] vgaarb: loaded
Nov 28 13:02:03 node-02 kernel: [    0.366969] vgaarb: bridge control possible 0000:00:02.0
Nov 28 13:02:03 node-02 kernel: [    0.367599] SCSI subsystem initialized
Nov 28 13:02:03 node-02 kernel: [    0.368138] libata version 3.00 loaded.
Nov 28 13:02:03 node-02 kernel: [    0.368172] ACPI: bus type USB registered
Nov 28 13:02:03 node-02 kernel: [    0.368486] usbcore: registered new interface driver usbfs
Nov 28 13:02:03 node-02 kernel: [    0.368814] usbcore: registered new interface driver hub
Nov 28 13:02:03 node-02 kernel: [    0.369159] usbcore: registered new device driver usb
Nov 28 13:02:03 node-02 kernel: [    0.369661] PCI: Using ACPI for IRQ routing
Nov 28 13:02:03 node-02 kernel: [    0.369950] PCI: pci_cache_line_size set to 64 bytes
Nov 28 13:02:03 node-02 kernel: [    0.370194] e820: reserve RAM buffer [mem 0x0009fc00-0x0009ffff]
Nov 28 13:02:03 node-02 kernel: [    0.370199] e820: reserve RAM buffer [mem 0x3ffe0000-0x3fffffff]
Nov 28 13:02:03 node-02 kernel: [    0.370433] NetLabel: Initializing
Nov 28 13:02:03 node-02 kernel: [    0.370700] NetLabel:  domain hash size = 128
Nov 28 13:02:03 node-02 kernel: [    0.370985] NetLabel:  protocols = UNLABELED CIPSOv4
Nov 28 13:02:03 node-02 kernel: [    0.371299] NetLabel:  unlabeled traffic allowed by default
Nov 28 13:02:03 node-02 kernel: [    0.371770] HPET: 3 timers in total, 0 timers will be used for per-cpu timer
Nov 28 13:02:03 node-02 kernel: [    0.372026] hpet0: at MMIO 0xfed00000, IRQs 2, 8, 0
Nov 28 13:02:03 node-02 kernel: [    0.372576] hpet0: 3 comparators, 64-bit 100.000000 MHz counter
Nov 28 13:02:03 node-02 kernel: [    0.375235] Switched to clocksource kvm-clock
Nov 28 13:02:03 node-02 kernel: [    0.381411] AppArmor: AppArmor Filesystem Enabled
Nov 28 13:02:03 node-02 kernel: [    0.381905] pnp: PnP ACPI init
Nov 28 13:02:03 node-02 kernel: [    0.382291] ACPI: bus type PNP registered
Nov 28 13:02:03 node-02 kernel: [    0.382717] pnp 00:00: Plug and Play ACPI device, IDs PNP0b00 (active)
Nov 28 13:02:03 node-02 kernel: [    0.382793] pnp 00:01: Plug and Play ACPI device, IDs PNP0303 (active)
Nov 28 13:02:03 node-02 kernel: [    0.382850] pnp 00:02: Plug and Play ACPI device, IDs PNP0f13 (active)
Nov 28 13:02:03 node-02 kernel: [    0.382904] pnp 00:03: [dma 2]
Nov 28 13:02:03 node-02 kernel: [    0.382927] pnp 00:03: Plug and Play ACPI device, IDs PNP0700 (active)
Nov 28 13:02:03 node-02 kernel: [    0.383040] pnp 00:04: Plug and Play ACPI device, IDs PNP0501 (active)
Nov 28 13:02:03 node-02 kernel: [    0.383415] pnp 00:05: Plug and Play ACPI device, IDs PNP0103 (active)
Nov 28 13:02:03 node-02 kernel: [    0.383531] pnp 00:06: Plug and Play ACPI device, IDs PNP0a06 (active)
Nov 28 13:02:03 node-02 kernel: [    0.383540] pnp: PnP ACPI: found 7 devices
Nov 28 13:02:03 node-02 kernel: [    0.383823] ACPI: bus type PNP unregistered
Nov 28 13:02:03 node-02 kernel: [    0.398782] pci 0000:00:03.0: PCI bridge to [bus 01]
Nov 28 13:02:03 node-02 kernel: [    0.399106] pci 0000:00:03.0:   bridge window [io  0x5000-0x5fff]
Nov 28 13:02:03 node-02 kernel: [    0.401867] pci 0000:00:03.0:   bridge window [mem 0xfe800000-0xfe9fffff]
Nov 28 13:02:03 node-02 kernel: [    0.403708] pci 0000:00:03.0:   bridge window [mem 0xfd800000-0xfd9fffff 64bit pref]
Nov 28 13:02:03 node-02 kernel: [    0.410323] pci 0000:00:04.0: PCI bridge to [bus 02]
Nov 28 13:02:03 node-02 kernel: [    0.410842] pci 0000:00:04.0:   bridge window [io  0x4000-0x4fff]
Nov 28 13:02:03 node-02 kernel: [    0.414753] pci 0000:00:04.0:   bridge window [mem 0xfe600000-0xfe7fffff]
Nov 28 13:02:03 node-02 kernel: [    0.417513] pci 0000:00:04.0:   bridge window [mem 0xfd600000-0xfd7fffff 64bit pref]
Nov 28 13:02:03 node-02 kernel: [    0.422198] pci 0000:00:05.0: PCI bridge to [bus 03]
Nov 28 13:02:03 node-02 kernel: [    0.422556] pci 0000:00:05.0:   bridge window [io  0x3000-0x3fff]
Nov 28 13:02:03 node-02 kernel: [    0.425567] pci 0000:00:05.0:   bridge window [mem 0xfe400000-0xfe5fffff]
Nov 28 13:02:03 node-02 kernel: [    0.427631] pci 0000:00:05.0:   bridge window [mem 0xfd400000-0xfd5fffff 64bit pref]
Nov 28 13:02:03 node-02 kernel: [    0.431414] pci 0000:00:06.0: PCI bridge to [bus 04]
Nov 28 13:02:03 node-02 kernel: [    0.431725] pci 0000:00:06.0:   bridge window [io  0x2000-0x2fff]
Nov 28 13:02:03 node-02 kernel: [    0.434443] pci 0000:00:06.0:   bridge window [mem 0xfe200000-0xfe3fffff]
Nov 28 13:02:03 node-02 kernel: [    0.436318] pci 0000:00:06.0:   bridge window [mem 0xfd200000-0xfd3fffff 64bit pref]
Nov 28 13:02:03 node-02 kernel: [    0.439753] pci 0000:00:07.0: PCI bridge to [bus 05]
Nov 28 13:02:03 node-02 kernel: [    0.440081] pci 0000:00:07.0:   bridge window [io  0x1000-0x1fff]
Nov 28 13:02:03 node-02 kernel: [    0.442672] pci 0000:00:07.0:   bridge window [mem 0xfe000000-0xfe1fffff]
Nov 28 13:02:03 node-02 kernel: [    0.444447] pci 0000:00:07.0:   bridge window [mem 0xfd000000-0xfd1fffff 64bit pref]
Nov 28 13:02:03 node-02 kernel: [    0.447841] pci_bus 0000:00: resource 4 [io  0x0000-0x0cf7]
Nov 28 13:02:03 node-02 kernel: [    0.447844] pci_bus 0000:00: resource 5 [io  0x0d00-0xadff]
Nov 28 13:02:03 node-02 kernel: [    0.447846] pci_bus 0000:00: resource 6 [io  0xae0f-0xaeff]
Nov 28 13:02:03 node-02 kernel: [    0.447847] pci_bus 0000:00: resource 7 [io  0xaf20-0xafdf]
Nov 28 13:02:03 node-02 kernel: [    0.447849] pci_bus 0000:00: resource 8 [io  0xafe4-0xffff]
Nov 28 13:02:03 node-02 kernel: [    0.447850] pci_bus 0000:00: resource 9 [mem 0x000a0000-0x000bffff]
Nov 28 13:02:03 node-02 kernel: [    0.447852] pci_bus 0000:00: resource 10 [mem 0x40000000-0xfebfffff]
Nov 28 13:02:03 node-02 kernel: [    0.447854] pci_bus 0000:01: resource 0 [io  0x5000-0x5fff]
Nov 28 13:02:03 node-02 kernel: [    0.447856] pci_bus 0000:01: resource 1 [mem 0xfe800000-0xfe9fffff]
Nov 28 13:02:03 node-02 kernel: [    0.447857] pci_bus 0000:01: resource 2 [mem 0xfd800000-0xfd9fffff 64bit pref]
Nov 28 13:02:03 node-02 kernel: [    0.447860] pci_bus 0000:02: resource 0 [io  0x4000-0x4fff]
Nov 28 13:02:03 node-02 kernel: [    0.447861] pci_bus 0000:02: resource 1 [mem 0xfe600000-0xfe7fffff]
Nov 28 13:02:03 node-02 kernel: [    0.447862] pci_bus 0000:02: resource 2 [mem 0xfd600000-0xfd7fffff 64bit pref]
Nov 28 13:02:03 node-02 kernel: [    0.447866] pci_bus 0000:03: resource 0 [io  0x3000-0x3fff]
Nov 28 13:02:03 node-02 kernel: [    0.447867] pci_bus 0000:03: resource 1 [mem 0xfe400000-0xfe5fffff]
Nov 28 13:02:03 node-02 kernel: [    0.447869] pci_bus 0000:03: resource 2 [mem 0xfd400000-0xfd5fffff 64bit pref]
Nov 28 13:02:03 node-02 kernel: [    0.447877] pci_bus 0000:04: resource 0 [io  0x2000-0x2fff]
Nov 28 13:02:03 node-02 kernel: [    0.447879] pci_bus 0000:04: resource 1 [mem 0xfe200000-0xfe3fffff]
Nov 28 13:02:03 node-02 kernel: [    0.447881] pci_bus 0000:04: resource 2 [mem 0xfd200000-0xfd3fffff 64bit pref]
Nov 28 13:02:03 node-02 kernel: [    0.447883] pci_bus 0000:05: resource 0 [io  0x1000-0x1fff]
Nov 28 13:02:03 node-02 kernel: [    0.447884] pci_bus 0000:05: resource 1 [mem 0xfe000000-0xfe1fffff]
Nov 28 13:02:03 node-02 kernel: [    0.447886] pci_bus 0000:05: resource 2 [mem 0xfd000000-0xfd1fffff 64bit pref]
Nov 28 13:02:03 node-02 kernel: [    0.447973] NET: Registered protocol family 2
Nov 28 13:02:03 node-02 kernel: [    0.448608] TCP established hash table entries: 8192 (order: 4, 65536 bytes)
Nov 28 13:02:03 node-02 kernel: [    0.451119] TCP bind hash table entries: 8192 (order: 5, 131072 bytes)
Nov 28 13:02:03 node-02 kernel: [    0.451798] TCP: Hash tables configured (established 8192 bind 8192)
Nov 28 13:02:03 node-02 kernel: [    0.452377] TCP: reno registered
Nov 28 13:02:03 node-02 kernel: [    0.452654] UDP hash table entries: 512 (order: 2, 16384 bytes)
Nov 28 13:02:03 node-02 kernel: [    0.453018] UDP-Lite hash table entries: 512 (order: 2, 16384 bytes)
Nov 28 13:02:03 node-02 kernel: [    0.453473] NET: Registered protocol family 1
Nov 28 13:02:03 node-02 kernel: [    0.453834] pci 0000:00:00.0: Limiting direct PCI/PCI transfers
Nov 28 13:02:03 node-02 kernel: [    0.454155] pci 0000:00:01.0: PIIX3: Enabling Passive Release
Nov 28 13:02:03 node-02 kernel: [    0.454486] pci 0000:00:01.0: Activating ISA DMA hang workarounds
Nov 28 13:02:03 node-02 kernel: [    0.454890] pci 0000:00:02.0: Boot video device
Nov 28 13:02:03 node-02 kernel: [    0.477449] ACPI: PCI Interrupt Link [LNKC] enabled at IRQ 11
Nov 28 13:02:03 node-02 kernel: [    0.504731] PCI: CLS 0 bytes, default 64
Nov 28 13:02:03 node-02 kernel: [    0.504972] Trying to unpack rootfs image as initramfs...
Nov 28 13:02:03 node-02 kernel: [    0.877554] Freeing initrd memory: 19576K (ffff8800359b4000 - ffff880036cd2000)
Nov 28 13:02:03 node-02 kernel: [    0.878725] microcode: CPU0 sig=0x663, pf=0x1, revision=0x1
Nov 28 13:02:03 node-02 kernel: [    0.879324] microcode: Microcode Update Driver: v2.00 <tigran@aivazian.fsnet.co.uk>, Peter Oruba
Nov 28 13:02:03 node-02 kernel: [    0.880186] Scanning for low memory corruption every 60 seconds
Nov 28 13:02:03 node-02 kernel: [    0.881127] Initialise system trusted keyring
Nov 28 13:02:03 node-02 kernel: [    0.881701] audit: initializing netlink socket (disabled)
Nov 28 13:02:03 node-02 kernel: [    0.882199] type=2000 audit(1457639650.765:1): initialized
Nov 28 13:02:03 node-02 kernel: [    0.907213] HugeTLB registered 2 MB page size, pre-allocated 0 pages
Nov 28 13:02:03 node-02 kernel: [    0.908865] VFS: Disk quotas dquot_6.5.2
Nov 28 13:02:03 node-02 kernel: [    0.909390] Dquot-cache hash table entries: 512 (order 0, 4096 bytes)
Nov 28 13:02:03 node-02 kernel: [    0.910329] fuse init (API version 7.22)
Nov 28 13:02:03 node-02 kernel: [    0.910756] msgmni has been set to 1982
Nov 28 13:02:03 node-02 kernel: [    0.911306] Key type big_key registered
Nov 28 13:02:03 node-02 kernel: [    0.912592] Key type asymmetric registered
Nov 28 13:02:03 node-02 kernel: [    0.913072] Asymmetric key parser 'x509' registered
Nov 28 13:02:03 node-02 kernel: [    0.913615] Block layer SCSI generic (bsg) driver version 0.4 loaded (major 252)
Nov 28 13:02:03 node-02 kernel: [    0.914490] io scheduler noop registered
Nov 28 13:02:03 node-02 kernel: [    0.914967] io scheduler deadline registered (default)
Nov 28 13:02:03 node-02 kernel: [    0.915500] io scheduler cfq registered
Nov 28 13:02:03 node-02 kernel: [    0.916172] pci_hotplug: PCI Hot Plug PCI Core version: 0.5
Nov 28 13:02:03 node-02 kernel: [    0.916717] pciehp: PCI Express Hot Plug Controller Driver version: 0.4
Nov 28 13:02:03 node-02 kernel: [    0.917336] intel_idle: does not run on family 6 model 6
Nov 28 13:02:03 node-02 kernel: [    0.917351] ipmi message handler version 39.2
Nov 28 13:02:03 node-02 kernel: [    0.917799] input: Power Button as /devices/LNXSYSTM:00/LNXPWRBN:00/input/input0
Nov 28 13:02:03 node-02 kernel: [    0.918279] ACPI: Power Button [PWRF]
Nov 28 13:02:03 node-02 kernel: [    0.918733] GHES: HEST is not enabled!
Nov 28 13:02:03 node-02 kernel: [    0.938916] ACPI: PCI Interrupt Link [LNKA] enabled at IRQ 10
Nov 28 13:02:03 node-02 kernel: [    0.940518] Serial: 8250/16550 driver, 32 ports, IRQ sharing enabled
Nov 28 13:02:03 node-02 kernel: [    0.964207] 00:04: ttyS0 at I/O 0x3f8 (irq = 4, base_baud = 115200) is a 16550A
Nov 28 13:02:03 node-02 kernel: [    0.966501] virtio-pci 0000:00:09.0: irq 40 for MSI/MSI-X
Nov 28 13:02:03 node-02 kernel: [    0.966526] virtio-pci 0000:00:09.0: irq 41 for MSI/MSI-X
Nov 28 13:02:03 node-02 kernel: [    0.978069] Linux agpgart interface v0.103
Nov 28 13:02:03 node-02 kernel: [    0.982348] brd: module loaded
Nov 28 13:02:03 node-02 kernel: [    0.983316] loop: module loaded
Nov 28 13:02:03 node-02 kernel: [    0.983772] ata_piix 0000:00:01.1: version 2.13
Nov 28 13:02:03 node-02 kernel: [    0.986252] scsi0 : ata_piix
Nov 28 13:02:03 node-02 kernel: [    0.986763] scsi1 : ata_piix
Nov 28 13:02:03 node-02 kernel: [    0.987161] ata1: PATA max MWDMA2 cmd 0x1f0 ctl 0x3f6 bmdma 0x6140 irq 14
Nov 28 13:02:03 node-02 kernel: [    0.987501] ata2: PATA max MWDMA2 cmd 0x170 ctl 0x376 bmdma 0x6148 irq 15
Nov 28 13:02:03 node-02 kernel: [    0.988552] libphy: Fixed MDIO Bus: probed
Nov 28 13:02:03 node-02 kernel: [    0.988955] tun: Universal TUN/TAP device driver, 1.6
Nov 28 13:02:03 node-02 kernel: [    0.989345] tun: (C) 1999-2004 Max Krasnyansky <maxk@qualcomm.com>
Nov 28 13:02:03 node-02 kernel: [    0.990030] PPP generic driver version 2.4.2
Nov 28 13:02:03 node-02 kernel: [    0.990611] ehci_hcd: USB 2.0 'Enhanced' Host Controller (EHCI) Driver
Nov 28 13:02:03 node-02 kernel: [    0.991038] ehci-pci: EHCI PCI platform driver
Nov 28 13:02:03 node-02 kernel: [    0.991462] ehci-platform: EHCI generic platform driver
Nov 28 13:02:03 node-02 kernel: [    0.991858] ohci_hcd: USB 1.1 'Open' Host Controller (OHCI) Driver
Nov 28 13:02:03 node-02 kernel: [    0.992251] ohci-pci: OHCI PCI platform driver
Nov 28 13:02:03 node-02 kernel: [    0.992663] ohci-platform: OHCI generic platform driver
Nov 28 13:02:03 node-02 kernel: [    0.992971] uhci_hcd: USB Universal Host Controller Interface driver
Nov 28 13:02:03 node-02 kernel: [    1.020764] uhci_hcd 0000:00:08.0: UHCI Host Controller
Nov 28 13:02:03 node-02 kernel: [    1.021310] uhci_hcd 0000:00:08.0: new USB bus registered, assigned bus number 1
Nov 28 13:02:03 node-02 kernel: [    1.022278] uhci_hcd 0000:00:08.0: irq 11, io base 0x00006100
Nov 28 13:02:03 node-02 kernel: [    1.022982] usb usb1: New USB device found, idVendor=1d6b, idProduct=0001
Nov 28 13:02:03 node-02 kernel: [    1.023563] usb usb1: New USB device strings: Mfr=3, Product=2, SerialNumber=1
Nov 28 13:02:03 node-02 kernel: [    1.024608] usb usb1: Product: UHCI Host Controller
Nov 28 13:02:03 node-02 kernel: [    1.025147] usb usb1: Manufacturer: Linux 3.13.0-24-generic uhci_hcd
Nov 28 13:02:03 node-02 kernel: [    1.025799] usb usb1: SerialNumber: 0000:00:08.0
Nov 28 13:02:03 node-02 kernel: [    1.026655] hub 1-0:1.0: USB hub found
Nov 28 13:02:03 node-02 kernel: [    1.027195] hub 1-0:1.0: 2 ports detected
Nov 28 13:02:03 node-02 kernel: [    1.028058] i8042: PNP: PS/2 Controller [PNP0303:KBD,PNP0f13:MOU] at 0x60,0x64 irq 1,12
Nov 28 13:02:03 node-02 kernel: [    1.030670] serio: i8042 KBD port at 0x60,0x64 irq 1
Nov 28 13:02:03 node-02 kernel: [    1.031109] serio: i8042 AUX port at 0x60,0x64 irq 12
Nov 28 13:02:03 node-02 kernel: [    1.032138] mousedev: PS/2 mouse device common for all mice
Nov 28 13:02:03 node-02 kernel: [    1.033105] input: AT Translated Set 2 keyboard as /devices/platform/i8042/serio0/input/input1
Nov 28 13:02:03 node-02 kernel: [    1.034348] rtc_cmos 00:00: RTC can wake from S4
Nov 28 13:02:03 node-02 kernel: [    1.035367] rtc_cmos 00:00: rtc core: registered rtc_cmos as rtc0
Nov 28 13:02:03 node-02 kernel: [    1.036273] rtc_cmos 00:00: alarms up to one day, 114 bytes nvram, hpet irqs
Nov 28 13:02:03 node-02 kernel: [    1.037010] device-mapper: uevent: version 1.0.3
Nov 28 13:02:03 node-02 kernel: [    1.047844] device-mapper: ioctl: 4.27.0-ioctl (2013-10-30) initialised: dm-devel@redhat.com
Nov 28 13:02:03 node-02 kernel: [    1.048626] ledtrig-cpu: registered to indicate activity on CPUs
Nov 28 13:02:03 node-02 kernel: [    1.049182] TCP: cubic registered
Nov 28 13:02:03 node-02 kernel: [    1.049726] NET: Registered protocol family 10
Nov 28 13:02:03 node-02 kernel: [    1.050335] NET: Registered protocol family 17
Nov 28 13:02:03 node-02 kernel: [    1.050784] Key type dns_resolver registered
Nov 28 13:02:03 node-02 kernel: [    1.051442] Loading compiled-in X.509 certificates
Nov 28 13:02:03 node-02 kernel: [    1.052682] Loaded X.509 cert 'Magrathea: Glacier signing key: 69b0d0a79b85d90621706e8d06604d730b359fc0'
Nov 28 13:02:03 node-02 kernel: [    1.053301] registered taskstats version 1
Nov 28 13:02:03 node-02 kernel: [    1.056229] Key type trusted registered
Nov 28 13:02:03 node-02 kernel: [    1.059317] Key type encrypted registered
Nov 28 13:02:03 node-02 kernel: [    1.062495] AppArmor: AppArmor sha1 policy hashing enabled
Nov 28 13:02:03 node-02 kernel: [    1.063065] IMA: No TPM chip found, activating TPM-bypass!
Nov 28 13:02:03 node-02 kernel: [    1.064458] regulator-dummy: disabling
Nov 28 13:02:03 node-02 kernel: [    1.064992]   Magic number: 7:8:40
Nov 28 13:02:03 node-02 kernel: [    1.065410]   hash matches /build/buildd/linux-3.13.0/drivers/base/power/main.c:504
Nov 28 13:02:03 node-02 kernel: [    1.066231] bdi 7:5: hash matches
Nov 28 13:02:03 node-02 kernel: [    1.066882] rtc_cmos 00:00: setting system clock to 2015-11-28 18:01:25 UTC (1448733685)
Nov 28 13:02:03 node-02 kernel: [    1.067839] BIOS EDD facility v0.16 2004-Jun-25, 0 devices found
Nov 28 13:02:03 node-02 kernel: [    1.068418] EDD information not available.
Nov 28 13:02:03 node-02 kernel: [    1.068958] PM: Hibernation image not present or could not be loaded.
Nov 28 13:02:03 node-02 kernel: [    1.146783] Freeing unused kernel memory: 1332K (ffffffff81d1e000 - ffffffff81e6b000)
Nov 28 13:02:03 node-02 kernel: [    1.147586] Write protecting the kernel read-only data: 12288k
Nov 28 13:02:03 node-02 kernel: [    1.151139] Freeing unused kernel memory: 844K (ffff88000172d000 - ffff880001800000)
Nov 28 13:02:03 node-02 kernel: [    1.153742] Freeing unused kernel memory: 708K (ffff880001b4f000 - ffff880001c00000)
Nov 28 13:02:03 node-02 kernel: [    1.180343] systemd-udevd[93]: starting version 204
Nov 28 13:02:03 node-02 kernel: [    1.260814] FDC 0 is a S82078B
Nov 28 13:02:03 node-02 kernel: [    1.311359] e1000: Intel(R) PRO/1000 Network Driver - version 7.3.21-k8-NAPI
Nov 28 13:02:03 node-02 kernel: [    1.312057] e1000: Copyright (c) 1999-2006 Intel Corporation.
Nov 28 13:02:03 node-02 kernel: [    1.336082] usb 1-1: new full-speed USB device number 2 using uhci_hcd
Nov 28 13:02:03 node-02 kernel: [    1.463040] ACPI: PCI Interrupt Link [LNKB] enabled at IRQ 10
Nov 28 13:02:03 node-02 kernel: [    1.474315] sym0: <895a> rev 0x0 at pci 0000:00:0a.0 irq 10
Nov 28 13:02:03 node-02 kernel: [    1.480933] sym0: No NVRAM, ID 7, Fast-40, LVD, parity checking
Nov 28 13:02:03 node-02 kernel: [    1.484008] sym0: SCSI BUS has been reset.
Nov 28 13:02:03 node-02 kernel: [    1.491501] scsi2 : sym-2.2.3
Nov 28 13:02:03 node-02 kernel: [    1.509101] usb 1-1: New USB device found, idVendor=0627, idProduct=0001
Nov 28 13:02:03 node-02 kernel: [    1.509534] usb 1-1: New USB device strings: Mfr=1, Product=3, SerialNumber=5
Nov 28 13:02:03 node-02 kernel: [    1.509952] usb 1-1: Product: QEMU USB Tablet
Nov 28 13:02:03 node-02 kernel: [    1.510342] usb 1-1: Manufacturer: QEMU
Nov 28 13:02:03 node-02 kernel: [    1.510685] usb 1-1: SerialNumber: 42
Nov 28 13:02:03 node-02 kernel: [    1.522799] hidraw: raw HID events driver (C) Jiri Kosina
Nov 28 13:02:03 node-02 kernel: [    1.530038] usbcore: registered new interface driver usbhid
Nov 28 13:02:03 node-02 kernel: [    1.530692] usbhid: USB HID core driver
Nov 28 13:02:03 node-02 kernel: [    1.534657] input: QEMU QEMU USB Tablet as /devices/pci0000:00/0000:00:08.0/usb1/1-1/1-1:1.0/input/input4
Nov 28 13:02:03 node-02 kernel: [    1.537087] hid-generic 0003:0627:0001.0001: input,hidraw0: USB HID v0.01 Pointer [QEMU QEMU USB Tablet] on usb-0000:00:08.0-1/input0
Nov 28 13:02:03 node-02 kernel: [    1.887065] tsc: Refined TSC clocksource calibration: 2499.933 MHz
Nov 28 13:02:03 node-02 kernel: [    1.887814] e1000 0000:04:01.0 eth0: (PCI:33MHz:32-bit) 52:54:00:0e:21:72
Nov 28 13:02:03 node-02 kernel: [    1.888263] e1000 0000:04:01.0 eth0: Intel(R) PRO/1000 Network Connection
Nov 28 13:02:03 node-02 kernel: [    1.911083] ACPI: PCI Interrupt Link [LNKD] enabled at IRQ 11
Nov 28 13:02:03 node-02 kernel: [    2.279360] e1000 0000:04:02.0 eth1: (PCI:33MHz:32-bit) 52:54:00:db:33:3b
Nov 28 13:02:03 node-02 kernel: [    2.280470] e1000 0000:04:02.0 eth1: Intel(R) PRO/1000 Network Connection
Nov 28 13:02:03 node-02 kernel: [    2.866112] input: ImExPS/2 Generic Explorer Mouse as /devices/platform/i8042/serio1/input/input3
Nov 28 13:02:03 node-02 kernel: [    4.488356] sym0: unknown interrupt(s) ignored, ISTAT=0x5 DSTAT=0x80 SIST=0x0
Nov 28 13:02:03 node-02 kernel: [    4.488998] scsi 2:0:0:0: Direct-Access     QEMU     QEMU HARDDISK    2.1. PQ: 0 ANSI: 5
Nov 28 13:02:03 node-02 kernel: [    4.489817] scsi target2:0:0: tagged command queuing enabled, command queue depth 16.
Nov 28 13:02:03 node-02 kernel: [    4.490579] scsi target2:0:0: Beginning Domain Validation
Nov 28 13:02:03 node-02 kernel: [    4.491564] scsi target2:0:0: Domain Validation skipping write tests
Nov 28 13:02:03 node-02 kernel: [    4.492106] scsi target2:0:0: Ending Domain Validation
Nov 28 13:02:03 node-02 kernel: [    4.496689] sd 2:0:0:0: [sda] 16777216 512-byte logical blocks: (8.58 GB/8.00 GiB)
Nov 28 13:02:03 node-02 kernel: [    4.497980] sd 2:0:0:0: [sda] Write Protect is off
Nov 28 13:02:03 node-02 kernel: [    4.498455] sd 2:0:0:0: [sda] Mode Sense: 63 00 00 08
Nov 28 13:02:03 node-02 kernel: [    4.498622] sd 2:0:0:0: [sda] Write cache: enabled, read cache: enabled, doesn't support DPO or FUA
Nov 28 13:02:03 node-02 kernel: [    4.500428] sd 2:0:0:0: Attached scsi generic sg0 type 0
Nov 28 13:02:03 node-02 kernel: [    4.502808]  sda: sda1 sda2 < sda5 >
Nov 28 13:02:03 node-02 kernel: [    4.507716] sd 2:0:0:0: [sda] Attached SCSI disk
Nov 28 13:02:03 node-02 kernel: [    4.604242] random: lvm urandom read with 22 bits of entropy available
Nov 28 13:02:03 node-02 kernel: [    4.684367] bio: create slab <bio-1> at 1
Nov 28 13:02:03 node-02 kernel: [    4.775298] EXT4-fs (dm-0): mounted filesystem with ordered data mode. Opts: (null)
Nov 28 13:02:03 node-02 kernel: [    4.970870] init: plymouth-upstart-bridge main process (167) terminated with status 1
Nov 28 13:02:03 node-02 kernel: [    4.971730] init: plymouth-upstart-bridge main process ended, respawning
Nov 28 13:02:03 node-02 kernel: [    5.001816] init: plymouth-upstart-bridge main process (177) terminated with status 1
Nov 28 13:02:03 node-02 kernel: [    5.002611] init: plymouth-upstart-bridge main process ended, respawning
Nov 28 13:02:03 node-02 kernel: [    5.029047] init: plymouth-upstart-bridge main process (181) terminated with status 1
Nov 28 13:02:03 node-02 kernel: [    5.029760] init: plymouth-upstart-bridge main process ended, respawning
Nov 28 13:02:03 node-02 kernel: [    5.468378] Adding 1044476k swap on /dev/mapper/node--02--vg-swap_1.  Priority:-1 extents:1 across:1044476k FS
Nov 28 13:02:03 node-02 kernel: [    5.488326] IPv6: ADDRCONF(NETDEV_UP): eth0: link is not ready
Nov 28 13:02:03 node-02 kernel: [    5.488334] IPv6: ADDRCONF(NETDEV_UP): eth1: link is not ready
Nov 28 13:02:03 node-02 kernel: [    5.593149] EXT4-fs (dm-0): re-mounted. Opts: errors=remount-ro
Nov 28 13:02:03 node-02 kernel: [    5.620975] systemd-udevd[293]: starting version 204
Nov 28 13:02:03 node-02 kernel: [    5.753193] lp: driver loaded but no devices found
Nov 28 13:02:03 node-02 kernel: [    6.132587] piix4_smbus 0000:00:01.3: SMBus Host Controller at 0x700, revision 0
Nov 28 13:02:03 node-02 kernel: [    6.148061] shpchp: Standard Hot Plug PCI Controller Driver version: 0.4
Nov 28 13:02:03 node-02 kernel: [    6.255960] type=1400 audit(1448733690.682:2): apparmor="STATUS" operation="profile_load" profile="unconfined" name="/sbin/dhclient" pid=356 comm="apparmor_parser"
Nov 28 13:02:03 node-02 kernel: [    6.255971] type=1400 audit(1448733690.682:3): apparmor="STATUS" operation="profile_load" profile="unconfined" name="/usr/lib/NetworkManager/nm-dhcp-client.action" pid=356 comm="apparmor_parser"
Nov 28 13:02:03 node-02 kernel: [    6.255975] type=1400 audit(1448733690.682:4): apparmor="STATUS" operation="profile_load" profile="unconfined" name="/usr/lib/connman/scripts/dhclient-script" pid=356 comm="apparmor_parser"
Nov 28 13:02:03 node-02 kernel: [    6.267159] type=1400 audit(1448733690.694:5): apparmor="STATUS" operation="profile_replace" profile="unconfined" name="/usr/lib/NetworkManager/nm-dhcp-client.action" pid=356 comm="apparmor_parser"
Nov 28 13:02:03 node-02 kernel: [    6.267170] type=1400 audit(1448733690.694:6): apparmor="STATUS" operation="profile_replace" profile="unconfined" name="/usr/lib/connman/scripts/dhclient-script" pid=356 comm="apparmor_parser"
Nov 28 13:02:03 node-02 kernel: [    6.267311] type=1400 audit(1448733690.694:7): apparmor="STATUS" operation="profile_replace" profile="unconfined" name="/usr/lib/connman/scripts/dhclient-script" pid=356 comm="apparmor_parser"
Nov 28 13:02:03 node-02 kernel: [    6.443508] IPv6: ADDRCONF(NETDEV_UP): eth0: link is not ready
Nov 28 13:02:03 node-02 kernel: [    6.848331] random: nonblocking pool is initialized
Nov 28 13:02:03 node-02 kernel: [    8.444644] e1000: eth0 NIC Link is Up 1000 Mbps Full Duplex, Flow Control: RX
Nov 28 13:02:03 node-02 kernel: [    8.445245] IPv6: ADDRCONF(NETDEV_CHANGE): eth0: link becomes ready
Nov 28 13:02:03 node-02 kernel: [   39.138056] EXT4-fs (sda1): mounting ext2 file system using the ext4 subsystem
Nov 28 13:02:03 node-02 kernel: [   39.147499] EXT4-fs (sda1): mounted filesystem without journal. Opts: (null)
Nov 28 13:02:03 node-02 kernel: [   39.392172] init: failsafe main process (680) killed by TERM signal
Nov 28 13:02:03 node-02 rsyslogd-2039: Could no open output pipe '/dev/xconsole': No such file or directory [try http://www.rsyslog.com/e/2039 ]
Nov 28 13:02:04 node-02 kernel: [   39.640771] type=1400 audit(1448733724.070:8): apparmor="STATUS" operation="profile_replace" profile="unconfined" name="/sbin/dhclient" pid=817 comm="apparmor_parser"
Nov 28 13:02:04 node-02 kernel: [   39.640784] type=1400 audit(1448733724.070:9): apparmor="STATUS" operation="profile_replace" profile="unconfined" name="/usr/lib/NetworkManager/nm-dhcp-client.action" pid=817 comm="apparmor_parser"
Nov 28 13:02:04 node-02 kernel: [   39.640791] type=1400 audit(1448733724.070:10): apparmor="STATUS" operation="profile_replace" profile="unconfined" name="/usr/lib/connman/scripts/dhclient-script" pid=817 comm="apparmor_parser"
Nov 28 13:02:04 node-02 kernel: [   39.641233] type=1400 audit(1448733724.070:11): apparmor="STATUS" operation="profile_replace" profile="unconfined" name="/usr/lib/NetworkManager/nm-dhcp-client.action" pid=817 comm="apparmor_parser"
Nov 28 13:02:04 node-02 kernel: [   39.641240] type=1400 audit(1448733724.070:12): apparmor="STATUS" operation="profile_replace" profile="unconfined" name="/usr/lib/connman/scripts/dhclient-script" pid=817 comm="apparmor_parser"
Nov 28 13:02:04 node-02 kernel: [   39.641430] type=1400 audit(1448733724.070:13): apparmor="STATUS" operation="profile_replace" profile="unconfined" name="/usr/lib/connman/scripts/dhclient-script" pid=817 comm="apparmor_parser"
Nov 28 13:02:04 node-02 kernel: [   39.647723] type=1400 audit(1448733724.074:14): apparmor="STATUS" operation="profile_load" profile="unconfined" name="/usr/sbin/tcpdump" pid=819 comm="apparmor_parser"
Nov 28 13:02:04 node-02 cron[848]: (CRON) INFO (pidfile fd = 3)
Nov 28 13:02:04 node-02 cron[880]: (CRON) STARTUP (fork ok)
Nov 28 13:02:04 node-02 cron[880]: (CRON) INFO (Running @reboot jobs)
Nov 28 13:02:04 node-02 /usr/sbin/irqbalance: Balancing is ineffective on systems with a single cache domain.  Shutting down
Nov 28 13:02:04 node-02 acpid: starting up with netlink and the input layer
Nov 28 13:02:04 node-02 acpid: 1 rule loaded
Nov 28 13:02:04 node-02 acpid: waiting for events: event logging is off
Nov 28 13:02:08 node-02 ntpdate[762]: Can't find host ntp.ubuntu.com: Name or service not known (-2)
Nov 28 13:02:08 node-02 ntpdate[762]: no servers can be used, exiting
Nov 28 13:17:01 node-02 CRON[1199]: (root) CMD (   cd / && run-parts --report /etc/cron.hourly)
Nov 28 14:17:01 node-02 CRON[1530]: (root) CMD (   cd / && run-parts --report /etc/cron.hourly)
Nov 28 15:17:01 node-02 CRON[1543]: (root) CMD (   cd / && run-parts --report /etc/cron.hourly)
Nov 28 16:17:01 node-02 CRON[2156]: (root) CMD (   cd / && run-parts --report /etc/cron.hourly)
Nov 28 17:17:01 node-02 CRON[4429]: (root) CMD (   cd / && run-parts --report /etc/cron.hourly)
Nov 28 18:17:01 node-02 CRON[6075]: (root) CMD (   cd / && run-parts --report /etc/cron.hourly)
Nov 28 18:23:48 node-02 dbus[670]: [system] Activating service name='org.freedesktop.systemd1' (using servicehelper)
Nov 28 18:23:48 node-02 dbus[670]: [system] Successfully activated service 'org.freedesktop.systemd1'
Nov 28 18:23:48 node-02 rsyslogd: [origin software="rsyslogd" swVersion="7.4.4" x-pid="763" x-info="http://www.rsyslog.com"] exiting on signal 15.
Apr  4 17:05:52 node-02 rsyslogd: [origin software="rsyslogd" swVersion="7.4.4" x-pid="395" x-info="http://www.rsyslog.com"] start
Apr  4 17:05:52 node-02 rsyslogd: rsyslogd's groupid changed to 104
Apr  4 17:05:52 node-02 rsyslogd: rsyslogd's userid changed to 101
Apr  4 17:05:52 node-02 kernel: [    0.000000] Initializing cgroup subsys cpuset
Apr  4 17:05:52 node-02 kernel: [    0.000000] Initializing cgroup subsys cpu
Apr  4 17:05:52 node-02 kernel: [    0.000000] Initializing cgroup subsys cpuacct
Apr  4 17:05:52 node-02 kernel: [    0.000000] Linux version 3.13.0-24-generic (buildd@batsu) (gcc version 4.8.2 (Ubuntu 4.8.2-19ubuntu1) ) #47-Ubuntu SMP Fri May 2 23:30:00 UTC 2014 (Ubuntu 3.13.0-24.47-generic 3.13.9)
Apr  4 17:05:52 node-02 kernel: [    0.000000] Command line: BOOT_IMAGE=/vmlinuz-3.13.0-24-generic root=/dev/mapper/node--02--vg-root ro
Apr  4 17:05:52 node-02 kernel: [    0.000000] KERNEL supported cpus:
Apr  4 17:05:52 node-02 kernel: [    0.000000]   Intel GenuineIntel
Apr  4 17:05:52 node-02 kernel: [    0.000000]   AMD AuthenticAMD
Apr  4 17:05:52 node-02 kernel: [    0.000000]   Centaur CentaurHauls
Apr  4 17:05:52 node-02 kernel: [    0.000000] e820: BIOS-provided physical RAM map:
Apr  4 17:05:52 node-02 kernel: [    0.000000] BIOS-e820: [mem 0x0000000000000000-0x000000000009fbff] usable
Apr  4 17:05:52 node-02 kernel: [    0.000000] BIOS-e820: [mem 0x000000000009fc00-0x000000000009ffff] reserved
Apr  4 17:05:52 node-02 kernel: [    0.000000] BIOS-e820: [mem 0x00000000000f0000-0x00000000000fffff] reserved
Apr  4 17:05:52 node-02 kernel: [    0.000000] BIOS-e820: [mem 0x0000000000100000-0x000000003ffdffff] usable
Apr  4 17:05:52 node-02 kernel: [    0.000000] BIOS-e820: [mem 0x000000003ffe0000-0x000000003fffffff] reserved
Apr  4 17:05:52 node-02 kernel: [    0.000000] BIOS-e820: [mem 0x00000000feffc000-0x00000000feffffff] reserved
Apr  4 17:05:52 node-02 kernel: [    0.000000] BIOS-e820: [mem 0x00000000fffc0000-0x00000000ffffffff] reserved
Apr  4 17:05:52 node-02 kernel: [    0.000000] NX (Execute Disable) protection: active
Apr  4 17:05:52 node-02 kernel: [    0.000000] SMBIOS 2.8 present.
Apr  4 17:05:52 node-02 kernel: [    0.000000] DMI: QEMU Standard PC (i440FX + PIIX, 1996), BIOS rel-1.7.5-0-ge51488c-20140602_164612-nilsson.home.kraxel.org 04/01/2014
Apr  4 17:05:52 node-02 kernel: [    0.000000] Hypervisor detected: KVM
Apr  4 17:05:52 node-02 kernel: [    0.000000] e820: update [mem 0x00000000-0x00000fff] usable ==> reserved
Apr  4 17:05:52 node-02 kernel: [    0.000000] e820: remove [mem 0x000a0000-0x000fffff] usable
Apr  4 17:05:52 node-02 kernel: [    0.000000] No AGP bridge found
Apr  4 17:05:52 node-02 kernel: [    0.000000] e820: last_pfn = 0x3ffe0 max_arch_pfn = 0x400000000
Apr  4 17:05:52 node-02 kernel: [    0.000000] MTRR default type: write-back
Apr  4 17:05:52 node-02 kernel: [    0.000000] MTRR fixed ranges enabled:
Apr  4 17:05:52 node-02 kernel: [    0.000000]   00000-9FFFF write-back
Apr  4 17:05:52 node-02 kernel: [    0.000000]   A0000-BFFFF uncachable
Apr  4 17:05:52 node-02 kernel: [    0.000000]   C0000-FFFFF write-protect
Apr  4 17:05:52 node-02 kernel: [    0.000000] MTRR variable ranges enabled:
Apr  4 17:05:52 node-02 kernel: [    0.000000]   0 base 0080000000 mask FF80000000 uncachable
Apr  4 17:05:52 node-02 kernel: [    0.000000]   1 disabled
Apr  4 17:05:52 node-02 kernel: [    0.000000]   2 disabled
Apr  4 17:05:52 node-02 kernel: [    0.000000]   3 disabled
Apr  4 17:05:52 node-02 kernel: [    0.000000]   4 disabled
Apr  4 17:05:52 node-02 kernel: [    0.000000]   5 disabled
Apr  4 17:05:52 node-02 kernel: [    0.000000]   6 disabled
Apr  4 17:05:52 node-02 kernel: [    0.000000]   7 disabled
Apr  4 17:05:52 node-02 kernel: [    0.000000] PAT not supported by CPU.
Apr  4 17:05:52 node-02 kernel: [    0.000000] found SMP MP-table at [mem 0x000f0e70-0x000f0e7f] mapped at [ffff8800000f0e70]
Apr  4 17:05:52 node-02 kernel: [    0.000000] Scanning 1 areas for low memory corruption
Apr  4 17:05:52 node-02 kernel: [    0.000000] Base memory trampoline at [ffff880000099000] 99000 size 24576
Apr  4 17:05:52 node-02 kernel: [    0.000000] init_memory_mapping: [mem 0x00000000-0x000fffff]
Apr  4 17:05:52 node-02 kernel: [    0.000000]  [mem 0x00000000-0x000fffff] page 4k
Apr  4 17:05:52 node-02 kernel: [    0.000000] BRK [0x01fdd000, 0x01fddfff] PGTABLE
Apr  4 17:05:52 node-02 kernel: [    0.000000] BRK [0x01fde000, 0x01fdefff] PGTABLE
Apr  4 17:05:52 node-02 kernel: [    0.000000] BRK [0x01fdf000, 0x01fdffff] PGTABLE
Apr  4 17:05:52 node-02 kernel: [    0.000000] init_memory_mapping: [mem 0x3fc00000-0x3fdfffff]
Apr  4 17:05:52 node-02 kernel: [    0.000000]  [mem 0x3fc00000-0x3fdfffff] page 2M
Apr  4 17:05:52 node-02 kernel: [    0.000000] init_memory_mapping: [mem 0x3c000000-0x3fbfffff]
Apr  4 17:05:52 node-02 kernel: [    0.000000]  [mem 0x3c000000-0x3fbfffff] page 2M
Apr  4 17:05:52 node-02 kernel: [    0.000000] init_memory_mapping: [mem 0x00100000-0x3bffffff]
Apr  4 17:05:52 node-02 kernel: [    0.000000]  [mem 0x00100000-0x001fffff] page 4k
Apr  4 17:05:52 node-02 kernel: [    0.000000]  [mem 0x00200000-0x3bffffff] page 2M
Apr  4 17:05:52 node-02 kernel: [    0.000000] init_memory_mapping: [mem 0x3fe00000-0x3ffdffff]
Apr  4 17:05:52 node-02 kernel: [    0.000000]  [mem 0x3fe00000-0x3ffdffff] page 4k
Apr  4 17:05:52 node-02 kernel: [    0.000000] BRK [0x01fe0000, 0x01fe0fff] PGTABLE
Apr  4 17:05:52 node-02 kernel: [    0.000000] RAMDISK: [mem 0x359b4000-0x36cd1fff]
Apr  4 17:05:52 node-02 kernel: [    0.000000] ACPI: RSDP 00000000000f0c70 000014 (v00 BOCHS )
Apr  4 17:05:52 node-02 kernel: [    0.000000] ACPI: RSDT 000000003ffe3cc6 000034 (v01 BOCHS  BXPCRSDT 00000001 BXPC 00000001)
Apr  4 17:05:52 node-02 kernel: [    0.000000] ACPI: FACP 000000003ffe0b37 000074 (v01 BOCHS  BXPCFACP 00000001 BXPC 00000001)
Apr  4 17:05:52 node-02 kernel: [    0.000000] ACPI: DSDT 000000003ffe0040 000AF7 (v01 BOCHS  BXPCDSDT 00000001 BXPC 00000001)
Apr  4 17:05:52 node-02 kernel: [    0.000000] ACPI: FACS 000000003ffe0000 000040
Apr  4 17:05:52 node-02 kernel: [    0.000000] ACPI: SSDT 000000003ffe0bab 00306B (v01 BOCHS  BXPCSSDT 00000001 BXPC 00000001)
Apr  4 17:05:52 node-02 kernel: [    0.000000] ACPI: APIC 000000003ffe3c16 000078 (v01 BOCHS  BXPCAPIC 00000001 BXPC 00000001)
Apr  4 17:05:52 node-02 kernel: [    0.000000] ACPI: HPET 000000003ffe3c8e 000038 (v01 BOCHS  BXPCHPET 00000001 BXPC 00000001)
Apr  4 17:05:52 node-02 kernel: [    0.000000] ACPI: Local APIC address 0xfee00000
Apr  4 17:05:52 node-02 kernel: [    0.000000] No NUMA configuration found
Apr  4 17:05:52 node-02 kernel: [    0.000000] Faking a node at [mem 0x0000000000000000-0x000000003ffdffff]
Apr  4 17:05:52 node-02 kernel: [    0.000000] Initmem setup node 0 [mem 0x00000000-0x3ffdffff]
Apr  4 17:05:52 node-02 kernel: [    0.000000]   NODE_DATA [mem 0x3ffdb000-0x3ffdffff]
Apr  4 17:05:52 node-02 kernel: [    0.000000] kvm-clock: Using msrs 4b564d01 and 4b564d00
Apr  4 17:05:52 node-02 kernel: [    0.000000] kvm-clock: cpu 0, msr 0:3ffd7001, boot clock
Apr  4 17:05:52 node-02 kernel: [    0.000000]  [ffffea0000000000-ffffea0000ffffff] PMD -> [ffff88003e600000-ffff88003f5fffff] on node 0
Apr  4 17:05:52 node-02 kernel: [    0.000000] Zone ranges:
Apr  4 17:05:52 node-02 kernel: [    0.000000]   DMA      [mem 0x00001000-0x00ffffff]
Apr  4 17:05:52 node-02 kernel: [    0.000000]   DMA32    [mem 0x01000000-0xffffffff]
Apr  4 17:05:52 node-02 kernel: [    0.000000]   Normal   empty
Apr  4 17:05:52 node-02 kernel: [    0.000000] Movable zone start for each node
Apr  4 17:05:52 node-02 kernel: [    0.000000] Early memory node ranges
Apr  4 17:05:52 node-02 kernel: [    0.000000]   node   0: [mem 0x00001000-0x0009efff]
Apr  4 17:05:52 node-02 kernel: [    0.000000]   node   0: [mem 0x00100000-0x3ffdffff]
Apr  4 17:05:52 node-02 kernel: [    0.000000] On node 0 totalpages: 262014
Apr  4 17:05:52 node-02 kernel: [    0.000000]   DMA zone: 64 pages used for memmap
Apr  4 17:05:52 node-02 kernel: [    0.000000]   DMA zone: 21 pages reserved
Apr  4 17:05:52 node-02 kernel: [    0.000000]   DMA zone: 3998 pages, LIFO batch:0
Apr  4 17:05:52 node-02 kernel: [    0.000000]   DMA32 zone: 4032 pages used for memmap
Apr  4 17:05:52 node-02 kernel: [    0.000000]   DMA32 zone: 258016 pages, LIFO batch:31
Apr  4 17:05:52 node-02 kernel: [    0.000000] ACPI: PM-Timer IO Port: 0x608
Apr  4 17:05:52 node-02 kernel: [    0.000000] ACPI: Local APIC address 0xfee00000
Apr  4 17:05:52 node-02 kernel: [    0.000000] ACPI: LAPIC (acpi_id[0x00] lapic_id[0x00] enabled)
Apr  4 17:05:52 node-02 kernel: [    0.000000] ACPI: LAPIC_NMI (acpi_id[0xff] dfl dfl lint[0x1])
Apr  4 17:05:52 node-02 kernel: [    0.000000] ACPI: IOAPIC (id[0x00] address[0xfec00000] gsi_base[0])
Apr  4 17:05:52 node-02 kernel: [    0.000000] IOAPIC[0]: apic_id 0, version 17, address 0xfec00000, GSI 0-23
Apr  4 17:05:52 node-02 kernel: [    0.000000] ACPI: INT_SRC_OVR (bus 0 bus_irq 0 global_irq 2 dfl dfl)
Apr  4 17:05:52 node-02 kernel: [    0.000000] ACPI: INT_SRC_OVR (bus 0 bus_irq 5 global_irq 5 high level)
Apr  4 17:05:52 node-02 kernel: [    0.000000] ACPI: INT_SRC_OVR (bus 0 bus_irq 9 global_irq 9 high level)
Apr  4 17:05:52 node-02 kernel: [    0.000000] ACPI: INT_SRC_OVR (bus 0 bus_irq 10 global_irq 10 high level)
Apr  4 17:05:52 node-02 kernel: [    0.000000] ACPI: INT_SRC_OVR (bus 0 bus_irq 11 global_irq 11 high level)
Apr  4 17:05:52 node-02 kernel: [    0.000000] ACPI: IRQ0 used by override.
Apr  4 17:05:52 node-02 kernel: [    0.000000] ACPI: IRQ2 used by override.
Apr  4 17:05:52 node-02 kernel: [    0.000000] ACPI: IRQ5 used by override.
Apr  4 17:05:52 node-02 kernel: [    0.000000] ACPI: IRQ9 used by override.
Apr  4 17:05:52 node-02 kernel: [    0.000000] ACPI: IRQ10 used by override.
Apr  4 17:05:52 node-02 kernel: [    0.000000] ACPI: IRQ11 used by override.
Apr  4 17:05:52 node-02 kernel: [    0.000000] Using ACPI (MADT) for SMP configuration information
Apr  4 17:05:52 node-02 kernel: [    0.000000] ACPI: HPET id: 0x8086a201 base: 0xfed00000
Apr  4 17:05:52 node-02 kernel: [    0.000000] smpboot: Allowing 1 CPUs, 0 hotplug CPUs
Apr  4 17:05:52 node-02 kernel: [    0.000000] nr_irqs_gsi: 40
Apr  4 17:05:52 node-02 kernel: [    0.000000] PM: Registered nosave memory: [mem 0x0009f000-0x0009ffff]
Apr  4 17:05:52 node-02 kernel: [    0.000000] PM: Registered nosave memory: [mem 0x000a0000-0x000effff]
Apr  4 17:05:52 node-02 kernel: [    0.000000] PM: Registered nosave memory: [mem 0x000f0000-0x000fffff]
Apr  4 17:05:52 node-02 kernel: [    0.000000] e820: [mem 0x40000000-0xfeffbfff] available for PCI devices
Apr  4 17:05:52 node-02 kernel: [    0.000000] Booting paravirtualized kernel on KVM
Apr  4 17:05:52 node-02 kernel: [    0.000000] setup_percpu: NR_CPUS:256 nr_cpumask_bits:256 nr_cpu_ids:1 nr_node_ids:1
Apr  4 17:05:52 node-02 kernel: [    0.000000] PERCPU: Embedded 29 pages/cpu @ffff88003fc00000 s86336 r8192 d24256 u2097152
Apr  4 17:05:52 node-02 kernel: [    0.000000] pcpu-alloc: s86336 r8192 d24256 u2097152 alloc=1*2097152
Apr  4 17:05:52 node-02 kernel: [    0.000000] pcpu-alloc: [0] 0 
Apr  4 17:05:52 node-02 kernel: [    0.000000] kvm-clock: cpu 0, msr 0:3ffd7001, primary cpu clock
Apr  4 17:05:52 node-02 kernel: [    0.000000] KVM setup async PF for cpu 0
Apr  4 17:05:52 node-02 kernel: [    0.000000] kvm-stealtime: cpu 0, msr 3fc0dfc0
Apr  4 17:05:52 node-02 kernel: [    0.000000] Built 1 zonelists in Node order, mobility grouping on.  Total pages: 257897
Apr  4 17:05:52 node-02 kernel: [    0.000000] Policy zone: DMA32
Apr  4 17:05:52 node-02 kernel: [    0.000000] Kernel command line: BOOT_IMAGE=/vmlinuz-3.13.0-24-generic root=/dev/mapper/node--02--vg-root ro
Apr  4 17:05:52 node-02 kernel: [    0.000000] PID hash table entries: 4096 (order: 3, 32768 bytes)
Apr  4 17:05:52 node-02 kernel: [    0.000000] Checking aperture...
Apr  4 17:05:52 node-02 kernel: [    0.000000] No AGP bridge found
Apr  4 17:05:52 node-02 kernel: [    0.000000] Calgary: detecting Calgary via BIOS EBDA area
Apr  4 17:05:52 node-02 kernel: [    0.000000] Calgary: Unable to locate Rio Grande table in EBDA - bailing!
Apr  4 17:05:52 node-02 kernel: [    0.000000] Memory: 995340K/1048056K available (7338K kernel code, 1138K rwdata, 3388K rodata, 1332K init, 1440K bss, 52716K reserved)
Apr  4 17:05:52 node-02 kernel: [    0.000000] SLUB: HWalign=64, Order=0-3, MinObjects=0, CPUs=1, Nodes=1
Apr  4 17:05:52 node-02 kernel: [    0.000000] Hierarchical RCU implementation.
Apr  4 17:05:52 node-02 kernel: [    0.000000] 	RCU dyntick-idle grace-period acceleration is enabled.
Apr  4 17:05:52 node-02 kernel: [    0.000000] 	RCU restricting CPUs from NR_CPUS=256 to nr_cpu_ids=1.
Apr  4 17:05:52 node-02 kernel: [    0.000000] 	Offload RCU callbacks from all CPUs
Apr  4 17:05:52 node-02 kernel: [    0.000000] 	Offload RCU callbacks from CPUs: 0.
Apr  4 17:05:52 node-02 kernel: [    0.000000] NR_IRQS:16640 nr_irqs:256 16
Apr  4 17:05:52 node-02 kernel: [    0.000000] Console: colour dummy device 80x25
Apr  4 17:05:52 node-02 kernel: [    0.000000] console [tty0] enabled
Apr  4 17:05:52 node-02 kernel: [    0.000000] allocated 4194304 bytes of page_cgroup
Apr  4 17:05:52 node-02 kernel: [    0.000000] please try 'cgroup_disable=memory' option if you don't want memory cgroups
Apr  4 17:05:52 node-02 kernel: [    0.000000] hpet clockevent registered
Apr  4 17:05:52 node-02 kernel: [    0.000000] tsc: Detected 2500.006 MHz processor
Apr  4 17:05:52 node-02 kernel: [    0.008000] Calibrating delay loop (skipped) preset value.. 5000.01 BogoMIPS (lpj=10000024)
Apr  4 17:05:52 node-02 kernel: [    0.008000] pid_max: default: 32768 minimum: 301
Apr  4 17:05:52 node-02 kernel: [    0.008000] Security Framework initialized
Apr  4 17:05:52 node-02 kernel: [    0.008000] AppArmor: AppArmor initialized
Apr  4 17:05:52 node-02 kernel: [    0.008000] Yama: becoming mindful.
Apr  4 17:05:52 node-02 kernel: [    0.008000] Dentry cache hash table entries: 131072 (order: 8, 1048576 bytes)
Apr  4 17:05:52 node-02 kernel: [    0.008000] Inode-cache hash table entries: 65536 (order: 7, 524288 bytes)
Apr  4 17:05:52 node-02 kernel: [    0.008000] Mount-cache hash table entries: 2048 (order: 2, 16384 bytes)
Apr  4 17:05:52 node-02 kernel: [    0.008000] Mountpoint-cache hash table entries: 2048 (order: 2, 16384 bytes)
Apr  4 17:05:52 node-02 kernel: [    0.008000] Initializing cgroup subsys memory
Apr  4 17:05:52 node-02 kernel: [    0.008000] Initializing cgroup subsys devices
Apr  4 17:05:52 node-02 kernel: [    0.008000] Initializing cgroup subsys freezer
Apr  4 17:05:52 node-02 kernel: [    0.008000] Initializing cgroup subsys blkio
Apr  4 17:05:52 node-02 kernel: [    0.008000] Initializing cgroup subsys perf_event
Apr  4 17:05:52 node-02 kernel: [    0.008000] Initializing cgroup subsys hugetlb
Apr  4 17:05:52 node-02 kernel: [    0.008000] mce: CPU supports 10 MCE banks
Apr  4 17:05:52 node-02 kernel: [    0.008000] Last level iTLB entries: 4KB 0, 2MB 0, 4MB 0
Apr  4 17:05:52 node-02 kernel: [    0.008000] Last level dTLB entries: 4KB 0, 2MB 0, 4MB 0
Apr  4 17:05:52 node-02 kernel: [    0.008000] tlb_flushall_shift: 6
Apr  4 17:05:52 node-02 kernel: [    0.027642] Freeing SMP alternatives memory: 32K (ffffffff81e6b000 - ffffffff81e73000)
Apr  4 17:05:52 node-02 kernel: [    0.035840] ACPI: Core revision 20131115
Apr  4 17:05:52 node-02 kernel: [    0.040130] ACPI: All ACPI Tables successfully acquired
Apr  4 17:05:52 node-02 kernel: [    0.040213] ftrace: allocating 28408 entries in 111 pages
Apr  4 17:05:52 node-02 kernel: [    0.052481] Enabling x2apic
Apr  4 17:05:52 node-02 kernel: [    0.052497] Enabled x2apic
Apr  4 17:05:52 node-02 kernel: [    0.052803] Switched APIC routing to physical x2apic.
Apr  4 17:05:52 node-02 kernel: [    0.054353] ..TIMER: vector=0x30 apic1=0 pin1=2 apic2=-1 pin2=-1
Apr  4 17:05:52 node-02 kernel: [    0.054359] smpboot: CPU0: Intel QEMU Virtual CPU (fam: 06, model: 06, stepping: 03)
Apr  4 17:05:52 node-02 kernel: [    0.062984] Performance Events: Broken PMU hardware detected, using software events only.
Apr  4 17:05:52 node-02 kernel: [    0.063027] Failed to access perfctr msr (MSR c1 is 0)
Apr  4 17:05:52 node-02 kernel: [    0.065518] x86: Booted up 1 node, 1 CPUs
Apr  4 17:05:52 node-02 kernel: [    0.065524] smpboot: Total of 1 processors activated (5000.01 BogoMIPS)
Apr  4 17:05:52 node-02 kernel: [    0.065959] NMI watchdog: disabled (cpu0): hardware events not enabled
Apr  4 17:05:52 node-02 kernel: [    0.066070] devtmpfs: initialized
Apr  4 17:05:52 node-02 kernel: [    0.069057] EVM: security.selinux
Apr  4 17:05:52 node-02 kernel: [    0.069061] EVM: security.SMACK64
Apr  4 17:05:52 node-02 kernel: [    0.069063] EVM: security.ima
Apr  4 17:05:52 node-02 kernel: [    0.069065] EVM: security.capability
Apr  4 17:05:52 node-02 kernel: [    0.070283] pinctrl core: initialized pinctrl subsystem
Apr  4 17:05:52 node-02 kernel: [    0.070379] regulator-dummy: no parameters
Apr  4 17:05:52 node-02 kernel: [    0.070502] RTC time: 21:05:45, date: 04/04/16
Apr  4 17:05:52 node-02 kernel: [    0.070560] NET: Registered protocol family 16
Apr  4 17:05:52 node-02 kernel: [    0.070719] cpuidle: using governor ladder
Apr  4 17:05:52 node-02 kernel: [    0.070723] cpuidle: using governor menu
Apr  4 17:05:52 node-02 kernel: [    0.070776] ACPI: bus type PCI registered
Apr  4 17:05:52 node-02 kernel: [    0.070780] acpiphp: ACPI Hot Plug PCI Controller Driver version: 0.5
Apr  4 17:05:52 node-02 kernel: [    0.070945] PCI: Using configuration type 1 for base access
Apr  4 17:05:52 node-02 kernel: [    0.071984] bio: create slab <bio-0> at 0
Apr  4 17:05:52 node-02 kernel: [    0.072194] ACPI: Added _OSI(Module Device)
Apr  4 17:05:52 node-02 kernel: [    0.072198] ACPI: Added _OSI(Processor Device)
Apr  4 17:05:52 node-02 kernel: [    0.072201] ACPI: Added _OSI(3.0 _SCP Extensions)
Apr  4 17:05:52 node-02 kernel: [    0.072203] ACPI: Added _OSI(Processor Aggregator Device)
Apr  4 17:05:52 node-02 kernel: [    0.074921] ACPI: Interpreter enabled
Apr  4 17:05:52 node-02 kernel: [    0.074931] ACPI Exception: AE_NOT_FOUND, While evaluating Sleep State [\_S1_] (20131115/hwxface-580)
Apr  4 17:05:52 node-02 kernel: [    0.074942] ACPI Exception: AE_NOT_FOUND, While evaluating Sleep State [\_S2_] (20131115/hwxface-580)
Apr  4 17:05:52 node-02 kernel: [    0.074964] ACPI: (supports S0 S3 S4 S5)
Apr  4 17:05:52 node-02 kernel: [    0.074967] ACPI: Using IOAPIC for interrupt routing
Apr  4 17:05:52 node-02 kernel: [    0.074989] PCI: Using host bridge windows from ACPI; if necessary, use "pci=nocrs" and report a bug
Apr  4 17:05:52 node-02 kernel: [    0.077195] ACPI: No dock devices found.
Apr  4 17:05:52 node-02 kernel: [    0.089381] ACPI: PCI Root Bridge [PCI0] (domain 0000 [bus 00-ff])
Apr  4 17:05:52 node-02 kernel: [    0.089394] acpi PNP0A03:00: _OSC: OS supports [ASPM ClockPM Segments MSI]
Apr  4 17:05:52 node-02 kernel: [    0.089402] acpi PNP0A03:00: _OSC failed (AE_NOT_FOUND); disabling ASPM
Apr  4 17:05:52 node-02 kernel: [    0.089494] acpi PNP0A03:00: fail to add MMCONFIG information, can't access extended PCI configuration space under this bridge.
Apr  4 17:05:52 node-02 kernel: [    0.089828] acpiphp: Slot [9] registered
Apr  4 17:05:52 node-02 kernel: [    0.089857] acpiphp: Slot [10] registered
Apr  4 17:05:52 node-02 kernel: [    0.089892] acpiphp: Slot [11] registered
Apr  4 17:05:52 node-02 kernel: [    0.089929] acpiphp: Slot [12] registered
Apr  4 17:05:52 node-02 kernel: [    0.089956] acpiphp: Slot [13] registered
Apr  4 17:05:52 node-02 kernel: [    0.089982] acpiphp: Slot [14] registered
Apr  4 17:05:52 node-02 kernel: [    0.090008] acpiphp: Slot [15] registered
Apr  4 17:05:52 node-02 kernel: [    0.090034] acpiphp: Slot [16] registered
Apr  4 17:05:52 node-02 kernel: [    0.090060] acpiphp: Slot [17] registered
Apr  4 17:05:52 node-02 kernel: [    0.090089] acpiphp: Slot [18] registered
Apr  4 17:05:52 node-02 kernel: [    0.090115] acpiphp: Slot [19] registered
Apr  4 17:05:52 node-02 kernel: [    0.090152] acpiphp: Slot [20] registered
Apr  4 17:05:52 node-02 kernel: [    0.090180] acpiphp: Slot [21] registered
Apr  4 17:05:52 node-02 kernel: [    0.090207] acpiphp: Slot [22] registered
Apr  4 17:05:52 node-02 kernel: [    0.090234] acpiphp: Slot [23] registered
Apr  4 17:05:52 node-02 kernel: [    0.090263] acpiphp: Slot [24] registered
Apr  4 17:05:52 node-02 kernel: [    0.090291] acpiphp: Slot [25] registered
Apr  4 17:05:52 node-02 kernel: [    0.090318] acpiphp: Slot [26] registered
Apr  4 17:05:52 node-02 kernel: [    0.090355] acpiphp: Slot [27] registered
Apr  4 17:05:52 node-02 kernel: [    0.090386] acpiphp: Slot [28] registered
Apr  4 17:05:52 node-02 kernel: [    0.090412] acpiphp: Slot [29] registered
Apr  4 17:05:52 node-02 kernel: [    0.090438] acpiphp: Slot [30] registered
Apr  4 17:05:52 node-02 kernel: [    0.090464] acpiphp: Slot [31] registered
Apr  4 17:05:52 node-02 kernel: [    0.090585] PCI host bridge to bus 0000:00
Apr  4 17:05:52 node-02 kernel: [    0.090591] pci_bus 0000:00: root bus resource [bus 00-ff]
Apr  4 17:05:52 node-02 kernel: [    0.090595] pci_bus 0000:00: root bus resource [io  0x0000-0x0cf7]
Apr  4 17:05:52 node-02 kernel: [    0.090599] pci_bus 0000:00: root bus resource [io  0x0d00-0xadff]
Apr  4 17:05:52 node-02 kernel: [    0.090602] pci_bus 0000:00: root bus resource [io  0xae0f-0xaeff]
Apr  4 17:05:52 node-02 kernel: [    0.090605] pci_bus 0000:00: root bus resource [io  0xaf20-0xafdf]
Apr  4 17:05:52 node-02 kernel: [    0.090609] pci_bus 0000:00: root bus resource [io  0xafe4-0xffff]
Apr  4 17:05:52 node-02 kernel: [    0.090612] pci_bus 0000:00: root bus resource [mem 0x000a0000-0x000bffff]
Apr  4 17:05:52 node-02 kernel: [    0.090616] pci_bus 0000:00: root bus resource [mem 0x40000000-0xfebfffff]
Apr  4 17:05:52 node-02 kernel: [    0.090668] pci 0000:00:00.0: [8086:1237] type 00 class 0x060000
Apr  4 17:05:52 node-02 kernel: [    0.091189] pci 0000:00:01.0: [8086:7000] type 00 class 0x060100
Apr  4 17:05:52 node-02 kernel: [    0.091880] pci 0000:00:01.1: [8086:7010] type 00 class 0x010180
Apr  4 17:05:52 node-02 kernel: [    0.107427] pci 0000:00:01.1: reg 0x20: [io  0x6140-0x614f]
Apr  4 17:05:52 node-02 kernel: [    0.114006] pci 0000:00:01.3: [8086:7113] type 00 class 0x068000
Apr  4 17:05:52 node-02 kernel: [    0.114744] pci 0000:00:01.3: quirk: [io  0x0600-0x063f] claimed by PIIX4 ACPI
Apr  4 17:05:52 node-02 kernel: [    0.114769] pci 0000:00:01.3: quirk: [io  0x0700-0x070f] claimed by PIIX4 SMB
Apr  4 17:05:52 node-02 kernel: [    0.115176] pci 0000:00:02.0: [1234:1111] type 00 class 0x030000
Apr  4 17:05:52 node-02 kernel: [    0.120017] pci 0000:00:02.0: reg 0x10: [mem 0xfc000000-0xfcffffff pref]
Apr  4 17:05:52 node-02 kernel: [    0.136019] pci 0000:00:02.0: reg 0x18: [mem 0xfea12000-0xfea12fff]
Apr  4 17:05:52 node-02 kernel: [    0.163303] pci 0000:00:02.0: reg 0x30: [mem 0xfea00000-0xfea0ffff pref]
Apr  4 17:05:52 node-02 kernel: [    0.163789] pci 0000:00:03.0: [1b36:0001] type 01 class 0x060400
Apr  4 17:05:52 node-02 kernel: [    0.168010] pci 0000:00:03.0: reg 0x10: [mem 0xfea13000-0xfea130ff 64bit]
Apr  4 17:05:52 node-02 kernel: [    0.177116] pci 0000:00:04.0: [1b36:0001] type 01 class 0x060400
Apr  4 17:05:52 node-02 kernel: [    0.184007] pci 0000:00:04.0: reg 0x10: [mem 0xfea14000-0xfea140ff 64bit]
Apr  4 17:05:52 node-02 kernel: [    0.192504] pci 0000:00:05.0: [1b36:0001] type 01 class 0x060400
Apr  4 17:05:52 node-02 kernel: [    0.199191] pci 0000:00:05.0: reg 0x10: [mem 0xfea15000-0xfea150ff 64bit]
Apr  4 17:05:52 node-02 kernel: [    0.205093] pci 0000:00:06.0: [1b36:0001] type 01 class 0x060400
Apr  4 17:05:52 node-02 kernel: [    0.212011] pci 0000:00:06.0: reg 0x10: [mem 0xfea16000-0xfea160ff 64bit]
Apr  4 17:05:52 node-02 kernel: [    0.220656] pci 0000:00:07.0: [1b36:0001] type 01 class 0x060400
Apr  4 17:05:52 node-02 kernel: [    0.227274] pci 0000:00:07.0: reg 0x10: [mem 0xfea17000-0xfea170ff 64bit]
Apr  4 17:05:52 node-02 kernel: [    0.232709] pci 0000:00:08.0: [8086:7020] type 00 class 0x0c0300
Apr  4 17:05:52 node-02 kernel: [    0.245137] pci 0000:00:08.0: reg 0x20: [io  0x6100-0x611f]
Apr  4 17:05:52 node-02 kernel: [    0.249423] pci 0000:00:09.0: [1af4:1003] type 00 class 0x078000
Apr  4 17:05:52 node-02 kernel: [    0.254174] pci 0000:00:09.0: reg 0x10: [io  0x6120-0x613f]
Apr  4 17:05:52 node-02 kernel: [    0.258211] pci 0000:00:09.0: reg 0x14: [mem 0xfea18000-0xfea18fff]
Apr  4 17:05:52 node-02 kernel: [    0.280467] pci 0000:00:0a.0: [1000:0012] type 00 class 0x010000
Apr  4 17:05:52 node-02 kernel: [    0.288007] pci 0000:00:0a.0: reg 0x10: [io  0x6000-0x60ff]
Apr  4 17:05:52 node-02 kernel: [    0.292007] pci 0000:00:0a.0: reg 0x14: [mem 0xfea19000-0xfea193ff]
Apr  4 17:05:52 node-02 kernel: [    0.300007] pci 0000:00:0a.0: reg 0x18: [mem 0xfea10000-0xfea11fff]
Apr  4 17:05:52 node-02 kernel: [    0.334358] acpiphp: Slot [0] registered
Apr  4 17:05:52 node-02 kernel: [    0.334401] acpiphp: Slot [1] registered
Apr  4 17:05:52 node-02 kernel: [    0.334430] acpiphp: Slot [2] registered
Apr  4 17:05:52 node-02 kernel: [    0.334470] acpiphp: Slot [3-2] registered
Apr  4 17:05:52 node-02 kernel: [    0.334504] acpiphp: Slot [4-2] registered
Apr  4 17:05:52 node-02 kernel: [    0.334537] acpiphp: Slot [5-2] registered
Apr  4 17:05:52 node-02 kernel: [    0.334570] acpiphp: Slot [6-2] registered
Apr  4 17:05:52 node-02 kernel: [    0.334602] acpiphp: Slot [7-2] registered
Apr  4 17:05:52 node-02 kernel: [    0.334630] acpiphp: Slot [8] registered
Apr  4 17:05:52 node-02 kernel: [    0.334662] acpiphp: Slot [9-2] registered
Apr  4 17:05:52 node-02 kernel: [    0.334700] acpiphp: Slot [10-2] registered
Apr  4 17:05:52 node-02 kernel: [    0.334734] acpiphp: Slot [11-2] registered
Apr  4 17:05:52 node-02 kernel: [    0.334766] acpiphp: Slot [12-2] registered
Apr  4 17:05:52 node-02 kernel: [    0.334799] acpiphp: Slot [13-2] registered
Apr  4 17:05:52 node-02 kernel: [    0.334832] acpiphp: Slot [14-2] registered
Apr  4 17:05:52 node-02 kernel: [    0.334868] acpiphp: Slot [15-2] registered
Apr  4 17:05:52 node-02 kernel: [    0.334908] acpiphp: Slot [16-2] registered
Apr  4 17:05:52 node-02 kernel: [    0.334976] acpiphp: Slot [17-2] registered
Apr  4 17:05:52 node-02 kernel: [    0.336042] acpiphp: Slot [18-2] registered
Apr  4 17:05:52 node-02 kernel: [    0.336076] acpiphp: Slot [19-2] registered
Apr  4 17:05:52 node-02 kernel: [    0.336120] acpiphp: Slot [20-2] registered
Apr  4 17:05:52 node-02 kernel: [    0.336162] acpiphp: Slot [21-2] registered
Apr  4 17:05:52 node-02 kernel: [    0.336196] acpiphp: Slot [22-2] registered
Apr  4 17:05:52 node-02 kernel: [    0.336229] acpiphp: Slot [23-2] registered
Apr  4 17:05:52 node-02 kernel: [    0.336267] acpiphp: Slot [24-2] registered
Apr  4 17:05:52 node-02 kernel: [    0.336300] acpiphp: Slot [25-2] registered
Apr  4 17:05:52 node-02 kernel: [    0.336333] acpiphp: Slot [26-2] registered
Apr  4 17:05:52 node-02 kernel: [    0.336366] acpiphp: Slot [27-2] registered
Apr  4 17:05:52 node-02 kernel: [    0.336399] acpiphp: Slot [28-2] registered
Apr  4 17:05:52 node-02 kernel: [    0.336431] acpiphp: Slot [29-2] registered
Apr  4 17:05:52 node-02 kernel: [    0.336465] acpiphp: Slot [30-2] registered
Apr  4 17:05:52 node-02 kernel: [    0.336497] acpiphp: Slot [31-2] registered
Apr  4 17:05:52 node-02 kernel: [    0.336873] pci 0000:00:03.0: PCI bridge to [bus 01]
Apr  4 17:05:52 node-02 kernel: [    0.336902] pci 0000:00:03.0:   bridge window [io  0x5000-0x5fff]
Apr  4 17:05:52 node-02 kernel: [    0.336927] pci 0000:00:03.0:   bridge window [mem 0xfe800000-0xfe9fffff]
Apr  4 17:05:52 node-02 kernel: [    0.337005] pci 0000:00:03.0:   bridge window [mem 0xfd800000-0xfd9fffff 64bit pref]
Apr  4 17:05:52 node-02 kernel: [    0.340340] acpiphp: Slot [0-2] registered
Apr  4 17:05:52 node-02 kernel: [    0.340388] acpiphp: Slot [1-2] registered
Apr  4 17:05:52 node-02 kernel: [    0.340422] acpiphp: Slot [2-2] registered
Apr  4 17:05:52 node-02 kernel: [    0.340456] acpiphp: Slot [3-3] registered
Apr  4 17:05:52 node-02 kernel: [    0.340494] acpiphp: Slot [4-3] registered
Apr  4 17:05:52 node-02 kernel: [    0.340532] acpiphp: Slot [5-3] registered
Apr  4 17:05:52 node-02 kernel: [    0.340571] acpiphp: Slot [6-3] registered
Apr  4 17:05:52 node-02 kernel: [    0.340605] acpiphp: Slot [7-3] registered
Apr  4 17:05:52 node-02 kernel: [    0.340638] acpiphp: Slot [8-2] registered
Apr  4 17:05:52 node-02 kernel: [    0.340671] acpiphp: Slot [9-3] registered
Apr  4 17:05:52 node-02 kernel: [    0.340706] acpiphp: Slot [10-3] registered
Apr  4 17:05:52 node-02 kernel: [    0.340740] acpiphp: Slot [11-3] registered
Apr  4 17:05:52 node-02 kernel: [    0.340774] acpiphp: Slot [12-3] registered
Apr  4 17:05:52 node-02 kernel: [    0.340811] acpiphp: Slot [13-3] registered
Apr  4 17:05:52 node-02 kernel: [    0.340846] acpiphp: Slot [14-3] registered
Apr  4 17:05:52 node-02 kernel: [    0.340883] acpiphp: Slot [15-3] registered
Apr  4 17:05:52 node-02 kernel: [    0.340918] acpiphp: Slot [16-3] registered
Apr  4 17:05:52 node-02 kernel: [    0.340952] acpiphp: Slot [17-3] registered
Apr  4 17:05:52 node-02 kernel: [    0.340987] acpiphp: Slot [18-3] registered
Apr  4 17:05:52 node-02 kernel: [    0.341027] acpiphp: Slot [19-3] registered
Apr  4 17:05:52 node-02 kernel: [    0.341073] acpiphp: Slot [20-3] registered
Apr  4 17:05:52 node-02 kernel: [    0.341148] acpiphp: Slot [21-3] registered
Apr  4 17:05:52 node-02 kernel: [    0.341213] acpiphp: Slot [22-3] registered
Apr  4 17:05:52 node-02 kernel: [    0.341273] acpiphp: Slot [23-3] registered
Apr  4 17:05:52 node-02 kernel: [    0.341329] acpiphp: Slot [24-3] registered
Apr  4 17:05:52 node-02 kernel: [    0.341367] acpiphp: Slot [25-3] registered
